Jul  1 01:18:45 almalinux9 sshd[719]: Disconnected from user root 192.168.122.1 port 59042
Jul  1 01:18:45 almalinux9 sshd[738]: Disconnected from user root 192.168.122.1 port 59044
Jul  1 01:18:45 almalinux9 sshd[758]: Disconnected from user root 192.168.122.1 port 59046
Dec 14 21:39:11 rabid-industry sshd[843]: Disconnected from invalid user test 111.238.174.6 port 34562 [preauth]
Dec 14 21:43:39 rabid-industry sshd[850]: Disconnected from invalid user mqm 111.238.174.6 port 36322 [preauth]
Dec 14 21:45:40 rabid-industry sshd[856]: Disconnected from invalid user opp 111.238.174.6 port 42088 [preauth]
Dec 14 21:47:40 rabid-industry sshd[865]: Disconnected from invalid user off 111.238.174.6 port 47856 [preauth]
Dec 14 21:49:41 rabid-industry sshd[867]: Disconnected from invalid user s 111.238.174.6 port 53626 [preauth]
Dec 14 21:51:48 rabid-industry sshd[872]: Disconnected from invalid user ubuntu 111.238.174.6 port 59388 [preauth]
Dec 14 21:53:54 rabid-industry sshd[874]: Disconnected from invalid user trojanuser 111.238.174.6 port 36926 [preauth]
Dec 14 21:55:53 rabid-industry sshd[877]: Disconnected from invalid user guest3 111.238.174.6 port 42692 [preauth]
Dec 14 21:58:05 rabid-industry sshd[880]: Disconnected from invalid user sk 111.238.174.6 port 48458 [preauth]
Dec 14 22:00:18 rabid-industry sshd[884]: Disconnected from invalid user ander 111.238.174.6 port 54222 [preauth]
Dec 14 22:02:24 rabid-industry sshd[902]: Disconnected from invalid user admin 111.238.174.6 port 59986 [preauth]
Dec 14 22:04:34 rabid-industry sshd[904]: Disconnected from invalid user guest01 111.238.174.6 port 37524 [preauth]
Dec 14 22:06:39 rabid-industry sshd[908]: Disconnected from invalid user git 111.238.174.6 port 43288 [preauth]
Dec 14 22:48:49 rabid-industry sshd[927]: Disconnected from invalid user magento_user 101.126.54.167 port 49378 [preauth]
Dec 14 23:00:14 rabid-industry sshd[937]: Disconnected from 101.126.54.167 port 36128 [preauth]
Dec 22 01:01:49 rabid-industry sshd[52831]: Disconnected from invalid user larissa 185.92.180.140 port 54976 [preauth]
Dec 22 01:06:54 rabid-industry sshd[52836]: Disconnected from invalid user asterisk 185.92.180.140 port 41414 [preauth]
Dec 22 01:26:35 rabid-industry sshd[52859]: Disconnected from authenticating user root 185.92.180.140 port 39082 [preauth]
Dec 22 01:31:14 rabid-industry sshd[52867]: Disconnected from invalid user myuser 185.92.180.140 port 33614 [preauth]
Dec 22 01:50:50 rabid-industry sshd[52893]: Disconnected from invalid user myuser 185.92.180.140 port 35404 [preauth]
Dec 22 02:09:55 rabid-industry sshd[52927]: Disconnected from invalid user admin 185.92.180.140 port 45222 [preauth]
Dec 22 02:14:42 rabid-industry sshd[52934]: Disconnected from invalid user ftpuser 185.92.180.140 port 35294 [preauth]
Dec 22 02:33:54 rabid-industry sshd[52957]: Disconnected from invalid user apc 185.92.180.140 port 38522 [preauth]
Dec 22 02:52:41 rabid-industry sshd[53001]: Disconnected from invalid user abdi 185.92.180.140 port 45524 [preauth]
Dec 22 02:57:26 rabid-industry sshd[53006]: Disconnected from authenticating user root 185.92.180.140 port 33930 [preauth]
Dec 22 04:29:32 rabid-industry sshd[53144]: Disconnected from authenticating user root 117.6.44.221 port 58050 [preauth]
Dec 22 04:30:14 rabid-industry sshd[53149]: Disconnected from authenticating user root 146.190.59.47 port 52358 [preauth]
Dec 22 04:31:45 rabid-industry sshd[53152]: Disconnected from authenticating user root 146.190.59.47 port 43578 [preauth]
Dec 22 04:31:50 rabid-industry sshd[53155]: Disconnected from authenticating user root 117.6.44.221 port 36168 [preauth]
Dec 22 04:33:14 rabid-industry sshd[53159]: Disconnected from authenticating user root 146.190.59.47 port 48762 [preauth]
Dec 22 04:33:39 rabid-industry sshd[53167]: Disconnected from invalid user exx 117.6.44.221 port 45910 [preauth]
Dec 22 04:48:51 rabid-industry sshd[53188]: Disconnected from invalid user deamon 117.6.44.221 port 42082 [preauth]
Dec 22 04:49:09 rabid-industry sshd[53195]: Disconnected from authenticating user root 146.190.59.47 port 51210 [preauth]
Dec 22 04:50:27 rabid-industry sshd[53201]: Disconnected from authenticating user root 146.190.59.47 port 51344 [preauth]
Dec 22 04:51:51 rabid-industry sshd[53204]: Disconnected from authenticating user root 146.190.59.47 port 52392 [preauth]
Dec 22 05:03:56 rabid-industry sshd[53239]: Disconnected from authenticating user root 117.6.44.221 port 50364 [preauth]
Dec 22 05:05:42 rabid-industry sshd[53242]: Disconnected from invalid user myuser 117.6.44.221 port 41506 [preauth]
Dec 22 05:07:00 rabid-industry sshd[53256]: Disconnected from authenticating user root 146.190.59.47 port 55786 [preauth]
Dec 22 05:08:19 rabid-industry sshd[53259]: Disconnected from authenticating user root 146.190.59.47 port 41518 [preauth]
Dec 22 05:09:40 rabid-industry sshd[53262]: Disconnected from authenticating user root 146.190.59.47 port 33640 [preauth]
Dec 22 05:19:39 rabid-industry sshd[53289]: Disconnected from invalid user ftpuser 120.48.56.8 port 35110 [preauth]
Dec 22 05:21:02 rabid-industry sshd[53298]: Disconnected from invalid user ftpuser 117.6.44.221 port 46856 [preauth]
Dec 22 05:22:57 rabid-industry sshd[53301]: Disconnected from authenticating user root 117.6.44.221 port 58080 [preauth]
Dec 22 05:26:55 rabid-industry sshd[53322]: Disconnected from invalid user user1 120.48.56.8 port 43694 [preauth]
Dec 22 05:43:10 rabid-industry sshd[53354]: Disconnected from authenticating user root 120.48.56.8 port 54432 [preauth]
Dec 22 05:54:08 rabid-industry sshd[53375]: Disconnected from authenticating user root 120.48.56.8 port 33358 [preauth]
Dec 22 07:21:04 rabid-industry sshd[53483]: Disconnected from invalid user warunee 146.190.55.150 port 39368 [preauth]
Dec 22 07:22:32 rabid-industry sshd[53486]: Disconnected from invalid user minecraft 103.26.136.4 port 36529 [preauth]
Dec 22 07:24:18 rabid-industry sshd[53488]: Disconnected from invalid user arduino 176.113.83.71 port 43968 [preauth]
Dec 22 07:25:56 rabid-industry sshd[53491]: Disconnected from invalid user minecraft 146.190.55.150 port 50818 [preauth]
Dec 22 07:26:44 rabid-industry sshd[53499]: Disconnected from invalid user dbmaker 103.26.136.4 port 33889 [preauth]
Dec 22 07:28:29 rabid-industry sshd[53507]: Disconnected from invalid user ftpuser 176.113.83.71 port 46934 [preauth]
Dec 22 07:30:09 rabid-industry sshd[53515]: Disconnected from invalid user amos 89.182.200.32 port 44095 [preauth]
Dec 22 07:33:04 rabid-industry sshd[53519]: Disconnected from authenticating user root 89.182.200.32 port 50765 [preauth]
Dec 22 07:42:09 rabid-industry sshd[53542]: Disconnected from invalid user cisco 103.26.136.4 port 39338 [preauth]
Dec 22 07:42:11 rabid-industry sshd[53544]: Disconnected from authenticating user root 146.190.55.150 port 49938 [preauth]
Dec 22 07:43:34 rabid-industry sshd[53557]: Disconnected from invalid user ftpuser 146.190.55.150 port 41068 [preauth]
Dec 22 07:43:47 rabid-industry sshd[53564]: Disconnected from invalid user arcadia 176.113.83.71 port 50452 [preauth]
Dec 22 07:57:23 rabid-industry sshd[53585]: Disconnected from authenticating user root 103.26.136.4 port 44782 [preauth]
Dec 22 07:59:36 rabid-industry sshd[53612]: Disconnected from authenticating user root 103.26.136.4 port 33462 [preauth]
Dec 22 07:59:39 rabid-industry sshd[53615]: Disconnected from authenticating user root 146.190.55.150 port 38098 [preauth]
Dec 22 07:59:49 rabid-industry sshd[53618]: Disconnected from invalid user ubuntu 176.113.83.71 port 60040 [preauth]
Dec 22 08:00:57 rabid-industry sshd[53623]: Disconnected from authenticating user root 176.113.83.71 port 36330 [preauth]
Dec 22 08:00:59 rabid-industry sshd[53626]: Disconnected from authenticating user root 146.190.55.150 port 59552 [preauth]
Dec 22 08:01:48 rabid-industry sshd[53650]: Disconnected from invalid user git 103.26.136.4 port 50377 [preauth]
Dec 22 08:13:06 rabid-industry sshd[53662]: Disconnected from authenticating user root 103.171.91.12 port 50502 [preauth]
Dec 22 08:17:10 rabid-industry sshd[53681]: Disconnected from invalid user compiler 103.26.136.4 port 55837 [preauth]
Dec 22 08:19:01 rabid-industry sshd[53688]: Disconnected from authenticating user root 103.171.91.12 port 55264 [preauth]
Dec 22 08:21:00 rabid-industry sshd[53693]: Disconnected from invalid user chen 103.171.91.12 port 52158 [preauth]
Dec 22 08:32:26 rabid-industry sshd[53713]: Disconnected from invalid user ftpuser 103.26.136.4 port 33052 [preauth]
Dec 22 08:34:41 rabid-industry sshd[53716]: Disconnected from invalid user proxyuser 103.26.136.4 port 49964 [preauth]
Dec 22 08:36:01 rabid-industry sshd[53728]: Disconnected from invalid user bkd 103.171.91.12 port 36306 [preauth]
Dec 22 08:51:06 rabid-industry sshd[53757]: Disconnected from invalid user minecraft 103.171.91.12 port 43816 [preauth]
Dec 22 08:53:05 rabid-industry sshd[53759]: Disconnected from authenticating user root 103.171.91.12 port 37602 [preauth]
Dec 22 09:08:22 rabid-industry sshd[53789]: Disconnected from invalid user proxyuser 103.171.91.12 port 45782 [preauth]
Dec 22 09:10:18 rabid-industry sshd[53793]: Disconnected from invalid user ionadmin 103.171.91.12 port 34252 [preauth]
Dec 22 09:25:36 rabid-industry sshd[53812]: Disconnected from invalid user sftpuser1 103.171.91.12 port 49950 [preauth]
Dec 22 10:53:02 rabid-industry sshd[53899]: Disconnected from authenticating user root 138.124.51.98 port 33620 [preauth]
Dec 22 10:54:54 rabid-industry sshd[53902]: Disconnected from authenticating user root 138.124.51.98 port 34622 [preauth]
Dec 22 10:56:25 rabid-industry sshd[53906]: Disconnected from authenticating user root 138.124.51.98 port 53696 [preauth]
Dec 22 11:11:37 rabid-industry sshd[53968]: Disconnected from authenticating user root 138.124.51.98 port 48044 [preauth]
Dec 22 11:13:21 rabid-industry sshd[53971]: Disconnected from authenticating user root 138.124.51.98 port 40818 [preauth]
Dec 22 11:15:05 rabid-industry sshd[53975]: Disconnected from invalid user minecraft 138.124.51.98 port 36308 [preauth]
Dec 22 11:27:22 rabid-industry sshd[53996]: Disconnected from invalid user k8s 59.36.160.42 port 37004 [preauth]
Dec 22 11:30:09 rabid-industry sshd[54003]: Disconnected from authenticating user root 59.36.160.42 port 39594 [preauth]
Dec 22 11:30:12 rabid-industry sshd[54014]: Disconnected from invalid user ftpuser 138.124.51.98 port 40838 [preauth]
Dec 22 11:45:15 rabid-industry sshd[54033]: Disconnected from invalid user azureuser 59.36.160.42 port 45338 [preauth]
Dec 22 11:45:46 rabid-industry sshd[54040]: Disconnected from invalid user ftpmedia 138.124.51.98 port 40728 [preauth]
Dec 22 11:47:20 rabid-industry sshd[54044]: Disconnected from invalid user myuser 59.36.160.42 port 42410 [preauth]
Dec 22 11:47:24 rabid-industry sshd[54051]: Disconnected from invalid user usman 138.124.51.98 port 48106 [preauth]
Dec 22 12:04:14 rabid-industry sshd[54087]: Disconnected from invalid user q 59.36.160.42 port 40388 [preauth]
Dec 22 12:11:51 rabid-industry sshd[54099]: Disconnected from 120.26.45.136 port 48660 [preauth]
Dec 22 12:20:44 rabid-industry sshd[54110]: Disconnected from invalid user user21 59.36.160.42 port 59700 [preauth]
Dec 22 12:22:34 rabid-industry sshd[54112]: Disconnected from invalid user tt 59.36.160.42 port 44258 [preauth]
Dec 22 12:52:23 rabid-industry sshd[54143]: Disconnected from invalid user stacey 58.209.82.184 port 39104 [preauth]
Dec 22 12:54:15 rabid-industry sshd[54145]: Disconnected from authenticating user root 104.168.46.10 port 41580 [preauth]
Dec 22 12:56:57 rabid-industry sshd[54149]: Disconnected from invalid user debian 14.103.117.142 port 45532 [preauth]
Dec 22 12:58:11 rabid-industry sshd[54152]: Disconnected from authenticating user root 104.168.46.10 port 35700 [preauth]
Dec 22 12:59:33 rabid-industry sshd[54157]: Disconnected from authenticating user root 104.168.46.10 port 49642 [preauth]
Dec 22 13:02:08 rabid-industry sshd[54183]: Disconnected from invalid user proxyuser 14.103.117.142 port 54750 [preauth]
Dec 22 13:06:14 rabid-industry sshd[54195]: Disconnected from authenticating user root 58.209.82.184 port 53859 [preauth]
Dec 22 13:15:20 rabid-industry sshd[54212]: Disconnected from invalid user rayan 104.168.46.10 port 58160 [preauth]
Dec 22 13:16:37 rabid-industry sshd[54215]: Disconnected from authenticating user root 104.168.46.10 port 34936 [preauth]
Dec 22 13:21:34 rabid-industry sshd[54238]: Disconnected from authenticating user root 58.209.82.184 port 60402 [preauth]
Dec 22 13:21:54 rabid-industry sshd[54241]: Disconnected from invalid user ftpuser 14.103.117.142 port 60240 [preauth]
Dec 22 13:22:34 rabid-industry sshd[54248]: Disconnected from invalid user deploy 58.209.82.184 port 40702 [preauth]
Dec 22 13:32:11 rabid-industry sshd[54284]: Disconnected from invalid user ftpuser 104.168.46.10 port 53256 [preauth]
Dec 22 13:32:54 rabid-industry sshd[54289]: Disconnected from invalid user elasticuser 14.103.117.173 port 41226 [preauth]
Dec 22 13:33:31 rabid-industry sshd[54291]: Disconnected from invalid user cheeki 104.168.46.10 port 60430 [preauth]
Dec 22 13:34:00 rabid-industry sshd[54300]: Disconnected from invalid user test 14.103.117.173 port 42206 [preauth]
Dec 22 13:38:03 rabid-industry sshd[54318]: Disconnected from authenticating user root 58.209.82.184 port 55775 [preauth]
Dec 22 13:38:18 rabid-industry sshd[54321]: Disconnected from invalid user listado 14.103.117.142 port 42306 [preauth]
Dec 22 13:39:03 rabid-industry sshd[54328]: Disconnected from authenticating user root 58.209.82.184 port 36075 [preauth]
Dec 22 13:40:07 rabid-industry sshd[54331]: Disconnected from invalid user git 58.209.82.184 port 44611 [preauth]
Dec 22 13:49:21 rabid-industry sshd[54354]: Disconnected from authenticating user root 14.103.117.173 port 32832 [preauth]
Dec 22 13:49:54 rabid-industry sshd[54357]: Disconnected from invalid user deploy 14.103.117.173 port 58446 [preauth]
Dec 22 13:50:41 rabid-industry sshd[54366]: Disconnected from invalid user gopal 14.103.117.142 port 39516 [preauth]
Dec 22 14:07:12 rabid-industry sshd[54408]: Disconnected from invalid user exit 14.103.117.142 port 47356 [preauth]
Dec 22 15:58:36 rabid-industry sshd[57823]: Disconnected from authenticating user root 35.222.117.243 port 57008 [preauth]
Dec 22 16:03:27 rabid-industry sshd[57840]: Disconnected from invalid user msf 35.222.117.243 port 56032 [preauth]
Dec 22 16:19:17 rabid-industry sshd[57860]: Disconnected from authenticating user root 35.222.117.243 port 50490 [preauth]
Dec 22 16:20:56 rabid-industry sshd[57865]: Disconnected from invalid user testftp 35.222.117.243 port 49934 [preauth]
Dec 22 16:36:36 rabid-industry sshd[57887]: Disconnected from invalid user deploy 35.222.117.243 port 44430 [preauth]
Dec 22 16:38:14 rabid-industry sshd[57890]: Disconnected from invalid user ftpuser 35.222.117.243 port 43886 [preauth]
Dec 22 16:38:56 rabid-industry sshd[57897]: Disconnected from invalid user veronica 159.89.169.158 port 45896 [preauth]
Dec 22 16:41:01 rabid-industry sshd[57901]: Disconnected from authenticating user root 159.89.169.158 port 57298 [preauth]
Dec 22 16:54:03 rabid-industry sshd[57918]: Disconnected from invalid user ftpmedia 35.222.117.243 port 38384 [preauth]
Dec 22 16:56:20 rabid-industry sshd[57931]: Disconnected from invalid user appuser 159.89.169.158 port 58614 [preauth]
Dec 22 16:57:53 rabid-industry sshd[57933]: Disconnected from invalid user proxyuser 159.89.169.158 port 55072 [preauth]
Dec 22 17:09:24 rabid-industry sshd[57960]: Disconnected from authenticating user root 180.96.69.221 port 37878 [preauth]
Dec 22 17:12:42 rabid-industry sshd[57966]: Disconnected from authenticating user root 103.31.39.159 port 34498 [preauth]
Dec 22 17:13:13 rabid-industry sshd[57974]: Disconnected from invalid user produccion 159.89.169.158 port 35268 [preauth]
Dec 22 17:16:30 rabid-industry sshd[57985]: Disconnected from authenticating user root 103.31.39.159 port 33118 [preauth]
Dec 22 17:18:11 rabid-industry sshd[57993]: Disconnected from authenticating user root 103.31.39.159 port 44002 [preauth]
Dec 22 17:18:38 rabid-industry sshd[58002]: Disconnected from authenticating user root 180.96.69.221 port 47474 [preauth]
Dec 22 17:20:05 rabid-industry sshd[58005]: Disconnected from invalid user azureuser 180.96.69.221 port 36546 [preauth]
Dec 22 17:28:50 rabid-industry sshd[58025]: Disconnected from authenticating user root 159.89.169.158 port 50256 [preauth]
Dec 22 17:30:25 rabid-industry sshd[58028]: Disconnected from authenticating user root 159.89.169.158 port 52484 [preauth]
Dec 22 17:31:54 rabid-industry sshd[58033]: Disconnected from authenticating user root 159.89.169.158 port 39180 [preauth]
Dec 22 17:35:47 rabid-industry sshd[58067]: Disconnected from authenticating user root 180.96.69.221 port 53146 [preauth]
Dec 22 17:36:49 rabid-industry sshd[58070]: Disconnected from authenticating user root 180.96.69.221 port 42206 [preauth]
Dec 22 17:37:00 rabid-industry sshd[58078]: Disconnected from authenticating user root 103.31.39.159 port 55320 [preauth]
Dec 22 17:38:47 rabid-industry sshd[58082]: Disconnected from invalid user azureuser 103.31.39.159 port 35946 [preauth]
Dec 22 17:49:35 rabid-industry sshd[54422]: Disconnected from user charles 137.70.164.142 port 54618
Dec 22 17:52:12 rabid-industry sshd[58150]: Disconnected from invalid user ftpuser 180.96.69.221 port 47860 [preauth]
Dec 22 17:53:13 rabid-industry sshd[58152]: Disconnected from authenticating user root 180.96.69.221 port 36956 [preauth]
Dec 22 17:55:13 rabid-industry sshd[58166]: Disconnected from authenticating user root 213.230.109.114 port 35608 [preauth]
Dec 22 17:55:16 rabid-industry sshd[58169]: Disconnected from authenticating user root 103.31.39.159 port 36110 [preauth]
Dec 22 17:57:09 rabid-industry sshd[58172]: Disconnected from authenticating user root 103.31.39.159 port 59000 [preauth]
Dec 22 17:58:58 rabid-industry sshd[58176]: Disconnected from authenticating user root 103.31.39.159 port 38486 [preauth]
Dec 22 18:00:35 rabid-industry sshd[58187]: Disconnected from invalid user ftpuser 82.64.99.86 port 59694 [preauth]
Dec 22 18:02:02 rabid-industry sshd[58200]: Disconnected from invalid user myuser 82.64.99.86 port 51174 [preauth]
Dec 22 18:09:41 rabid-industry sshd[58215]: Disconnected from 221.181.222.181 port 57584 [preauth]
Dec 22 18:14:05 rabid-industry sshd[58227]: Disconnected from authenticating user root 103.31.39.159 port 34634 [preauth]
Dec 22 18:14:51 rabid-industry sshd[58232]: Disconnected from invalid user user 87.120.117.228 port 33542 [preauth]
Dec 22 18:15:53 rabid-industry sshd[58234]: Disconnected from invalid user exx 103.31.39.159 port 56576 [preauth]
Dec 22 18:17:22 rabid-industry sshd[58247]: Disconnected from authenticating user root 82.64.99.86 port 60292 [preauth]
Dec 22 18:18:37 rabid-industry sshd[58250]: Disconnected from authenticating user root 82.64.99.86 port 46860 [preauth]
Dec 22 18:24:49 rabid-industry sshd[58265]: Disconnected from invalid user mc 124.44.110.206 port 48992 [preauth]
Dec 22 18:34:10 rabid-industry sshd[58282]: Disconnected from invalid user azureuser 82.64.99.86 port 46666 [preauth]
Dec 22 18:35:23 rabid-industry sshd[58284]: Disconnected from invalid user myuser 82.64.99.86 port 34608 [preauth]
Dec 22 18:38:34 rabid-industry sshd[58292]: Disconnected from invalid user proxyuser 124.44.110.206 port 41554 [preauth]
Dec 22 19:23:14 rabid-industry sshd[58362]: Disconnected from invalid user minecraft 103.163.214.235 port 41896 [preauth]
Dec 22 19:26:09 rabid-industry sshd[58364]: Disconnected from authenticating user root 103.163.214.235 port 42072 [preauth]
Dec 22 19:35:29 rabid-industry sshd[58377]: Disconnected from invalid user linda 52.158.185.181 port 50430 [preauth]
Dec 22 19:40:31 rabid-industry sshd[58386]: Disconnected from authenticating user root 52.158.185.181 port 46244 [preauth]
Dec 22 19:42:44 rabid-industry sshd[58399]: Disconnected from invalid user investment 103.163.214.235 port 43350 [preauth]
Dec 22 19:44:24 rabid-industry sshd[58403]: Disconnected from invalid user odoo 103.163.214.235 port 43484 [preauth]
Dec 22 19:56:49 rabid-industry sshd[58421]: Disconnected from invalid user proxyuser 52.158.185.181 port 59702 [preauth]
Dec 22 19:58:15 rabid-industry sshd[58423]: Disconnected from invalid user git 52.158.185.181 port 48954 [preauth]
Dec 22 20:00:35 rabid-industry sshd[58438]: Disconnected from authenticating user root 103.163.214.235 port 44774 [preauth]
Dec 22 20:02:14 rabid-industry sshd[58452]: Disconnected from invalid user alireza 103.163.214.235 port 44906 [preauth]
Dec 22 20:13:17 rabid-industry sshd[58480]: Disconnected from invalid user spike 52.158.185.181 port 49734 [preauth]
Dec 22 20:18:20 rabid-industry sshd[58493]: Disconnected from authenticating user root 103.163.214.235 port 46164 [preauth]
Dec 22 20:19:58 rabid-industry sshd[58501]: Disconnected from invalid user django 103.163.214.235 port 46290 [preauth]
Dec 22 20:28:27 rabid-industry sshd[58520]: Disconnected from authenticating user root 52.158.185.181 port 34626 [preauth]
Dec 22 20:29:57 rabid-industry sshd[58524]: Disconnected from invalid user online 52.158.185.181 port 42228 [preauth]
Dec 22 22:20:52 rabid-industry sshd[58662]: Disconnected from authenticating user root 213.230.109.114 port 58746 [preauth]
Dec 22 23:53:03 rabid-industry sshd[58756]: Disconnected from invalid user myuser 120.48.56.8 port 52922 [preauth]
Dec 22 23:57:49 rabid-industry sshd[58763]: Disconnected from authenticating user root 120.48.56.8 port 41086 [preauth]
Dec 23 00:16:26 rabid-industry sshd[58863]: Disconnected from authenticating user root 120.48.56.8 port 42724 [preauth]
Dec 23 00:17:53 rabid-industry sshd[58878]: Disconnected from authenticating user root 120.48.56.8 port 58672 [preauth]
Dec 23 00:20:52 rabid-industry sshd[58897]: Disconnected from authenticating user root 120.48.56.8 port 34078 [preauth]
Dec 23 00:56:48 rabid-industry sshd[58938]: Disconnected from 121.43.234.8 port 55898 [preauth]
Dec 23 01:36:03 rabid-industry sshd[58978]: Disconnected from authenticating user root 117.33.131.6 port 56688 [preauth]
Dec 23 01:39:51 rabid-industry sshd[58982]: Disconnected from invalid user ftpuser 117.33.131.6 port 46126 [preauth]
Dec 23 01:45:40 rabid-industry sshd[58993]: Disconnected from invalid user ftpuser 120.50.8.55 port 52816 [preauth]
Dec 23 01:50:02 rabid-industry sshd[58997]: Disconnected from invalid user ftp_id 120.50.8.55 port 50162 [preauth]
Dec 23 01:55:20 rabid-industry sshd[59013]: Disconnected from invalid user kube 120.50.8.58 port 59942 [preauth]
Dec 23 01:57:02 rabid-industry sshd[59017]: Disconnected from authenticating user root 120.50.8.58 port 35032 [preauth]
Dec 23 01:58:47 rabid-industry sshd[59027]: Disconnected from authenticating user root 120.50.8.50 port 38242 [preauth]
Dec 23 02:04:03 rabid-industry sshd[59051]: Disconnected from authenticating user root 120.50.8.50 port 48032 [preauth]
Dec 23 02:07:33 rabid-industry sshd[59061]: Disconnected from authenticating user root 120.50.8.55 port 54620 [preauth]
Dec 23 02:09:20 rabid-industry sshd[59065]: Disconnected from invalid user blake 120.50.8.55 port 57822 [preauth]
Dec 23 02:14:07 rabid-industry sshd[59083]: Disconnected from authenticating user root 79.137.192.108 port 34482 [preauth]
Dec 23 02:16:27 rabid-industry sshd[59089]: Disconnected from invalid user guest 114.219.157.97 port 44372 [preauth]
Dec 23 02:19:19 rabid-industry sshd[59096]: Disconnected from authenticating user root 79.137.192.108 port 58472 [preauth]
Dec 23 02:20:26 rabid-industry sshd[59101]: Disconnected from authenticating user root 79.137.192.108 port 35028 [preauth]
Dec 23 02:20:51 rabid-industry sshd[59109]: Disconnected from authenticating user root 117.33.131.6 port 57064 [preauth]
Dec 23 02:25:10 rabid-industry sshd[59128]: Disconnected from invalid user set 120.50.8.55 port 58916 [preauth]
Dec 23 02:26:36 rabid-industry sshd[59137]: Disconnected from authenticating user root 114.219.157.97 port 40204 [preauth]
Dec 23 02:36:21 rabid-industry sshd[59172]: Disconnected from invalid user minecraft 79.137.192.108 port 38044 [preauth]
Dec 23 02:37:32 rabid-industry sshd[59174]: Disconnected from authenticating user root 79.137.192.108 port 51100 [preauth]
Dec 23 02:40:58 rabid-industry sshd[59193]: Disconnected from invalid user ftpuser 120.50.8.55 port 59984 [preauth]
Dec 23 02:42:45 rabid-industry sshd[59201]: Disconnected from invalid user dc 120.50.8.55 port 34914 [preauth]
Dec 23 02:46:09 rabid-industry sshd[59217]: Disconnected from invalid user ca 120.50.8.59 port 41510 [preauth]
Dec 23 02:47:15 rabid-industry sshd[59222]: Disconnected from authenticating user root 114.219.157.97 port 51352 [preauth]
Dec 23 02:49:20 rabid-industry sshd[59230]: Disconnected from authenticating user root 114.219.157.97 port 35527 [preauth]
Dec 23 02:49:53 rabid-industry sshd[59233]: Disconnected from authenticating user root 117.33.131.6 port 36558 [preauth]
Dec 23 02:53:12 rabid-industry sshd[59250]: Disconnected from invalid user cockpit 79.137.192.108 port 58080 [preauth]
Dec 23 02:53:18 rabid-industry sshd[59252]: Disconnected from authenticating user root 120.50.8.50 port 54428 [preauth]
Dec 23 02:54:20 rabid-industry sshd[59263]: Disconnected from invalid user ftpmedia 79.137.192.108 port 48152 [preauth]
Dec 23 02:56:30 rabid-industry sshd[59277]: Disconnected from authenticating user root 114.219.157.97 port 50727 [preauth]
Dec 23 02:59:25 rabid-industry sshd[59293]: Disconnected from authenticating user root 117.33.131.6 port 39122 [preauth]
Dec 23 03:50:06 rabid-industry sshd[59390]: Disconnected from invalid user ftpuser 87.225.106.84 port 52034 [preauth]
Dec 23 03:54:32 rabid-industry sshd[59396]: Disconnected from authenticating user root 87.225.106.84 port 41718 [preauth]
Dec 23 04:16:49 rabid-industry sshd[59430]: Disconnected from invalid user asterisk 223.138.208.14 port 29548 [preauth]
Dec 23 04:17:50 rabid-industry sshd[59432]: Disconnected from invalid user myuser 179.109.96.118 port 56476 [preauth]
Dec 23 04:19:03 rabid-industry sshd[59434]: Disconnected from invalid user kamran 182.43.232.30 port 56008 [preauth]
Dec 23 04:19:44 rabid-industry sshd[59436]: Disconnected from authenticating user root 203.98.76.29 port 60070 [preauth]
Dec 23 04:20:32 rabid-industry sshd[59441]: Disconnected from invalid user asterisk 62.146.232.40 port 41408 [preauth]
Dec 23 04:21:36 rabid-industry sshd[59444]: Disconnected from invalid user ionguest 223.138.208.14 port 30810 [preauth]
Dec 23 04:21:52 rabid-industry sshd[59451]: Disconnected from invalid user saude 179.109.96.118 port 51854 [preauth]
Dec 23 04:22:23 rabid-industry sshd[59458]: Disconnected from invalid user newuser 203.98.76.29 port 38468 [preauth]
Dec 23 04:23:31 rabid-industry sshd[59465]: Disconnected from invalid user myuser 62.146.232.40 port 54484 [preauth]
Dec 23 04:29:23 rabid-industry sshd[59483]: Disconnected from authenticating user root 182.43.232.30 port 50220 [preauth]
Dec 23 04:38:08 rabid-industry sshd[59515]: Disconnected from authenticating user root 179.109.96.118 port 47796 [preauth]
Dec 23 04:39:14 rabid-industry sshd[59525]: Disconnected from authenticating user root 203.98.76.29 port 34788 [preauth]
Dec 23 04:39:14 rabid-industry sshd[59523]: Disconnected from invalid user newuser 62.146.232.40 port 47118 [preauth]
Dec 23 04:40:25 rabid-industry sshd[59535]: Disconnected from invalid user area 179.109.96.118 port 55308 [preauth]
Dec 23 04:41:19 rabid-industry sshd[59542]: Disconnected from authenticating user root 203.98.76.29 port 35216 [preauth]
Dec 23 04:43:25 rabid-industry sshd[59546]: Disconnected from invalid user sridhar 203.98.76.29 port 44680 [preauth]
Dec 23 04:47:34 rabid-industry sshd[59559]: Disconnected from invalid user saude 182.43.232.30 port 49042 [preauth]
Dec 23 04:49:33 rabid-industry sshd[59564]: Disconnected from invalid user azureuser 182.43.232.30 port 45772 [preauth]
Dec 23 04:54:50 rabid-industry sshd[59578]: Disconnected from invalid user will 62.146.232.40 port 35012 [preauth]
Dec 23 04:56:23 rabid-industry sshd[59585]: Disconnected from authenticating user root 62.146.232.40 port 44784 [preauth]
Dec 23 04:56:31 rabid-industry sshd[59593]: Disconnected from invalid user serge 179.109.96.118 port 51168 [preauth]
Dec 23 05:00:26 rabid-industry sshd[59613]: Disconnected from invalid user asterisk 203.98.76.29 port 48888 [preauth]
Dec 23 05:11:54 rabid-industry sshd[59653]: Disconnected from authenticating user root 62.146.232.40 port 54576 [preauth]
Dec 23 05:12:25 rabid-industry sshd[59656]: Disconnected from invalid user admin 179.109.96.118 port 47144 [preauth]
Dec 23 05:13:26 rabid-industry sshd[59658]: Disconnected from authenticating user root 62.146.232.40 port 40148 [preauth]
Dec 23 05:14:46 rabid-industry sshd[59661]: Disconnected from authenticating user root 179.109.96.118 port 54660 [preauth]
Dec 23 05:14:58 rabid-industry sshd[59669]: Disconnected from authenticating user root 62.146.232.40 port 49622 [preauth]
Dec 23 05:17:28 rabid-industry sshd[59683]: Disconnected from authenticating user root 203.98.76.29 port 49796 [preauth]
Dec 23 05:19:34 rabid-industry sshd[59687]: Disconnected from invalid user lzj 203.98.76.29 port 46344 [preauth]
Dec 23 05:30:47 rabid-industry sshd[59714]: Disconnected from authenticating user root 179.109.96.118 port 50894 [preauth]
Dec 23 05:33:07 rabid-industry sshd[59718]: Disconnected from invalid user foo 179.109.96.118 port 58458 [preauth]
Dec 23 05:35:13 rabid-industry sshd[59730]: Disconnected from invalid user postgres 193.58.121.101 port 46504 [preauth]
Dec 23 05:35:38 rabid-industry sshd[59732]: Disconnected from invalid user jgonzalez 203.34.57.92 port 47142 [preauth]
Dec 23 05:36:38 rabid-industry sshd[59734]: Disconnected from invalid user ftpuser 203.98.76.29 port 52568 [preauth]
Dec 23 05:37:34 rabid-industry sshd[59737]: Disconnected from invalid user ftpuser 112.216.120.67 port 36828 [preauth]
Dec 23 05:38:33 rabid-industry sshd[59757]: Disconnected from authenticating user root 64.227.128.72 port 38444 [preauth]
Dec 23 05:39:21 rabid-industry sshd[59760]: Disconnected from authenticating user root 193.58.121.101 port 53052 [preauth]
Dec 23 05:40:08 rabid-industry sshd[59769]: Disconnected from invalid user mpp 112.216.120.67 port 9808 [preauth]
Dec 23 05:40:47 rabid-industry sshd[59777]: Disconnected from invalid user idsconx 64.227.128.72 port 33458 [preauth]
Dec 23 05:48:41 rabid-industry sshd[59794]: Disconnected from invalid user kbe 203.34.57.92 port 58308 [preauth]
Dec 23 05:54:55 rabid-industry sshd[59825]: Disconnected from invalid user minecraft 193.58.121.101 port 34006 [preauth]
Dec 23 05:56:00 rabid-industry sshd[59837]: Disconnected from invalid user deploy 64.227.128.72 port 56194 [preauth]
Dec 23 05:56:13 rabid-industry sshd[59841]: Disconnected from invalid user ftpuser 193.58.121.101 port 59828 [preauth]
Dec 23 05:56:14 rabid-industry sshd[59839]: Disconnected from authenticating user root 112.216.120.67 port 25004 [preauth]
Dec 23 05:57:31 rabid-industry sshd[59849]: Disconnected from invalid user fastdfs 64.227.128.72 port 57472 [preauth]
Dec 23 05:58:00 rabid-industry sshd[59856]: Disconnected from authenticating user root 112.216.120.67 port 55368 [preauth]
Dec 23 06:11:36 rabid-industry sshd[59901]: Disconnected from authenticating user root 193.58.121.101 port 41312 [preauth]
Dec 23 06:12:47 rabid-industry sshd[59911]: Disconnected from invalid user pam 64.227.128.72 port 49766 [preauth]
Dec 23 06:12:53 rabid-industry sshd[59918]: Disconnected from invalid user kafka 193.58.121.101 port 42600 [preauth]
Dec 23 06:14:08 rabid-industry sshd[59930]: Disconnected from invalid user idsconx 112.216.120.67 port 6052 [preauth]
Dec 23 06:15:50 rabid-industry sshd[59933]: Disconnected from invalid user sia 112.216.120.67 port 36404 [preauth]
Dec 23 06:28:00 rabid-industry sshd[59966]: Disconnected from invalid user proxyuser 64.227.128.72 port 38320 [preauth]
Dec 23 06:29:27 rabid-industry sshd[59970]: Disconnected from invalid user chrome 64.227.128.72 port 49104 [preauth]
Dec 23 06:32:03 rabid-industry sshd[59987]: Disconnected from invalid user chrome 112.216.120.67 port 51600 [preauth]
Dec 23 08:02:44 rabid-industry sshd[60110]: Disconnected from invalid user minecraft 4.213.65.96 port 53481 [preauth]
Dec 23 08:05:05 rabid-industry sshd[60113]: Disconnected from authenticating user root 179.109.96.118 port 40712 [preauth]
Dec 23 08:05:05 rabid-industry sshd[60115]: Disconnected from invalid user ftpmedia 134.0.116.12 port 55184 [preauth]
Dec 23 08:07:31 rabid-industry sshd[60121]: Disconnected from invalid user ftpuser 134.0.116.12 port 44102 [preauth]
Dec 23 08:07:34 rabid-industry sshd[60128]: Disconnected from invalid user nas 4.213.65.96 port 32862 [preauth]
Dec 23 08:08:16 rabid-industry sshd[60135]: Disconnected from invalid user aaaa 179.109.96.118 port 51998 [preauth]
Dec 23 08:23:26 rabid-industry sshd[60167]: Disconnected from authenticating user root 4.213.65.96 port 41681 [preauth]
Dec 23 08:23:28 rabid-industry sshd[60170]: Disconnected from authenticating user root 134.0.116.12 port 49306 [preauth]
Dec 23 08:24:42 rabid-industry sshd[60173]: Disconnected from invalid user alireza 179.109.96.118 port 42360 [preauth]
Dec 23 08:25:02 rabid-industry sshd[60175]: Disconnected from authenticating user root 4.213.65.96 port 25550 [preauth]
Dec 23 08:25:14 rabid-industry sshd[60183]: Disconnected from invalid user aaaa 134.0.116.12 port 59432 [preauth]
Dec 23 08:26:23 rabid-industry sshd[60190]: Disconnected from invalid user proxyuser 179.109.96.118 port 41430 [preauth]
Dec 23 08:41:14 rabid-industry sshd[60215]: Disconnected from authenticating user root 4.213.65.96 port 28172 [preauth]
Dec 23 08:41:24 rabid-industry sshd[60223]: Disconnected from authenticating user root 134.0.116.12 port 34946 [preauth]
Dec 23 08:41:39 rabid-industry sshd[60226]: Disconnected from authenticating user root 179.109.96.118 port 32774 [preauth]
Dec 23 08:42:51 rabid-industry sshd[60229]: Disconnected from invalid user swapna 4.213.65.96 port 63123 [preauth]
Dec 23 08:43:08 rabid-industry sshd[60236]: Disconnected from invalid user ftpuser 134.0.116.12 port 44198 [preauth]
Dec 23 08:43:15 rabid-industry sshd[60244]: Disconnected from invalid user cri 179.109.96.118 port 60066 [preauth]
Dec 23 08:59:19 rabid-industry sshd[60275]: Disconnected from authenticating user root 4.213.65.96 port 48820 [preauth]
Dec 23 08:59:33 rabid-industry sshd[60278]: Disconnected from authenticating user root 134.0.116.12 port 47568 [preauth]
Dec 23 08:59:55 rabid-industry sshd[60282]: Disconnected from authenticating user root 179.109.96.118 port 50438 [preauth]
Dec 23 09:00:55 rabid-industry sshd[60287]: Disconnected from invalid user cri 4.213.65.96 port 13417 [preauth]
Dec 23 09:01:16 rabid-industry sshd[60305]: Disconnected from invalid user devadmin 134.0.116.12 port 57974 [preauth]
Dec 23 09:01:33 rabid-industry sshd[60312]: Disconnected from invalid user nas 179.109.96.118 port 49540 [preauth]
Dec 23 10:47:43 rabid-industry sshd[60413]: Disconnected from 103.245.18.132 port 47146 [preauth]
Dec 23 11:31:56 rabid-industry sshd[60453]: Disconnected from invalid user handy 178.175.148.228 port 37708 [preauth]
Dec 23 11:34:00 rabid-industry sshd[60458]: Disconnected from invalid user mikkel 178.175.148.228 port 48754 [preauth]
Dec 23 11:47:12 rabid-industry sshd[60471]: Disconnected from invalid user user 87.120.117.228 port 48154 [preauth]
Dec 23 11:49:41 rabid-industry sshd[60479]: Disconnected from invalid user hazel 178.175.148.228 port 57438 [preauth]
Dec 23 12:06:24 rabid-industry sshd[60509]: Disconnected from invalid user wen 178.175.148.228 port 50032 [preauth]
Dec 23 12:08:13 rabid-industry sshd[60511]: Disconnected from invalid user helmut 178.175.148.228 port 49182 [preauth]
Dec 23 12:21:46 rabid-industry sshd[60534]: Disconnected from user charles 137.70.164.142 port 50642
Dec 23 12:23:13 rabid-industry sshd[60582]: Disconnected from invalid user wendy 178.128.33.146 port 40934 [preauth]
Dec 23 12:24:56 rabid-industry sshd[60886]: Disconnected from invalid user dvpatil 178.175.148.228 port 38706 [preauth]
Dec 23 12:27:29 rabid-industry sshd[61265]: Disconnected from invalid user skgupta 188.0.130.250 port 41790 [preauth]
Dec 23 12:28:09 rabid-industry sshd[61418]: Disconnected from invalid user corinna 178.128.33.146 port 47736 [preauth]
Dec 23 12:28:36 rabid-industry sshd[60550]: Disconnected from user charles 137.70.164.142 port 22726
Dec 23 12:43:20 rabid-industry sshd[62073]: Disconnected from invalid user yyhjbh 178.128.33.146 port 55526 [preauth]
Dec 23 12:46:42 rabid-industry sshd[62289]: Disconnected from invalid user toey 188.0.130.250 port 36180 [preauth]
Dec 23 12:53:44 rabid-industry sshd[62936]: Disconnected from invalid user hhcho 91.165.234.109 port 26123 [preauth]
Dec 23 12:54:40 rabid-industry sshd[62951]: Disconnected from invalid user hhcho 14.103.113.213 port 46856 [preauth]
Dec 23 12:57:07 rabid-industry sshd[63100]: Disconnected from invalid user you 78.135.82.182 port 39870 [preauth]
Dec 23 12:58:29 rabid-industry sshd[63139]: Disconnected from invalid user kepco 91.165.234.109 port 18002 [preauth]
Dec 23 12:59:31 rabid-industry sshd[63153]: Disconnected from invalid user diaoshx 78.135.82.182 port 55540 [preauth]
Dec 23 12:59:35 rabid-industry sshd[63160]: Disconnected from invalid user pvdm 178.128.33.146 port 48266 [preauth]
Dec 23 13:00:16 rabid-industry sshd[63165]: Disconnected from invalid user yo 14.103.113.213 port 54986 [preauth]
Dec 23 13:00:52 rabid-industry sshd[63172]: Disconnected from invalid user lemme 178.128.33.146 port 48536 [preauth]
Dec 23 13:02:50 rabid-industry sshd[63207]: Disconnected from invalid user shruthis 188.0.130.250 port 33038 [preauth]
Dec 23 13:03:05 rabid-industry sshd[63209]: Disconnected from authenticating user root 85.24.232.251 port 38420 [preauth]
Dec 23 13:03:09 rabid-industry sshd[63212]: Disconnected from authenticating user root 85.24.232.251 port 38477 [preauth]
Dec 23 13:03:13 rabid-industry sshd[63215]: Disconnected from invalid user ubnt 85.24.232.251 port 38540 [preauth]
Dec 23 13:04:16 rabid-industry sshd[63223]: Disconnected from invalid user nortonk 188.0.130.250 port 39376 [preauth]
Dec 23 13:13:57 rabid-industry sshd[63255]: Disconnected from invalid user humblea 91.165.234.109 port 18583 [preauth]
Dec 23 13:15:37 rabid-industry sshd[63273]: Disconnected from invalid user harold 78.135.82.182 port 54960 [preauth]
Dec 23 13:26:12 rabid-industry sshd[63317]: Disconnected from invalid user han 14.103.113.213 port 44580 [preauth]
Dec 23 13:26:35 rabid-industry sshd[63326]: Disconnected from invalid user sutu 68.183.4.2 port 55296 [preauth]
Dec 23 13:28:08 rabid-industry sshd[63331]: Disconnected from invalid user office 68.183.4.2 port 36386 [preauth]
Dec 23 13:29:10 rabid-industry sshd[63349]: Disconnected from invalid user drhabib 91.165.234.109 port 29856 [preauth]
Dec 23 13:30:25 rabid-industry sshd[63355]: Disconnected from invalid user yodvpn 91.165.234.109 port 18781 [preauth]
Dec 23 13:31:43 rabid-industry sshd[63369]: Disconnected from invalid user kkmarwah 78.135.82.182 port 43822 [preauth]
Dec 23 13:33:12 rabid-industry sshd[63374]: Disconnected from invalid user skn 78.135.82.182 port 47192 [preauth]
Dec 23 13:44:10 rabid-industry sshd[63451]: Disconnected from invalid user pkd 68.183.4.2 port 41752 [preauth]
Dec 23 13:55:35 rabid-industry sshd[63506]: Disconnected from invalid user diaoshx 14.103.113.213 port 39938 [preauth]
Dec 23 14:00:11 rabid-industry sshd[63524]: Disconnected from invalid user mahmed 14.103.113.213 port 49382 [preauth]
Dec 23 14:00:11 rabid-industry sshd[63526]: Disconnected from invalid user farmasi 68.183.4.2 port 41202 [preauth]
Dec 23 14:01:22 rabid-industry sshd[63546]: Disconnected from invalid user pvdl 68.183.4.2 port 46334 [preauth]
Dec 23 14:02:37 rabid-industry sshd[63554]: Disconnected from invalid user hexin 206.189.40.252 port 46460 [preauth]
Dec 22 01:01:49 rabid-industry sshd[52831]: Disconnected from invalid user larissa 185.92.180.140 port 54976 [preauth]
Dec 22 01:06:54 rabid-industry sshd[52836]: Disconnected from invalid user asterisk 185.92.180.140 port 41414 [preauth]
Dec 22 01:26:35 rabid-industry sshd[52859]: Disconnected from authenticating user root 185.92.180.140 port 39082 [preauth]
Dec 22 01:31:14 rabid-industry sshd[52867]: Disconnected from invalid user myuser 185.92.180.140 port 33614 [preauth]
Dec 22 01:50:50 rabid-industry sshd[52893]: Disconnected from invalid user myuser 185.92.180.140 port 35404 [preauth]
Dec 22 02:09:55 rabid-industry sshd[52927]: Disconnected from invalid user admin 185.92.180.140 port 45222 [preauth]
Dec 22 02:14:42 rabid-industry sshd[52934]: Disconnected from invalid user ftpuser 185.92.180.140 port 35294 [preauth]
Dec 22 02:33:54 rabid-industry sshd[52957]: Disconnected from invalid user apc 185.92.180.140 port 38522 [preauth]
Dec 22 02:52:41 rabid-industry sshd[53001]: Disconnected from invalid user abdi 185.92.180.140 port 45524 [preauth]
Dec 22 02:57:26 rabid-industry sshd[53006]: Disconnected from authenticating user root 185.92.180.140 port 33930 [preauth]
Dec 22 04:29:32 rabid-industry sshd[53144]: Disconnected from authenticating user root 117.6.44.221 port 58050 [preauth]
Dec 22 04:30:14 rabid-industry sshd[53149]: Disconnected from authenticating user root 146.190.59.47 port 52358 [preauth]
Dec 22 04:31:45 rabid-industry sshd[53152]: Disconnected from authenticating user root 146.190.59.47 port 43578 [preauth]
Dec 22 04:31:50 rabid-industry sshd[53155]: Disconnected from authenticating user root 117.6.44.221 port 36168 [preauth]
Dec 22 04:33:14 rabid-industry sshd[53159]: Disconnected from authenticating user root 146.190.59.47 port 48762 [preauth]
Dec 22 04:33:39 rabid-industry sshd[53167]: Disconnected from invalid user exx 117.6.44.221 port 45910 [preauth]
Dec 22 04:48:51 rabid-industry sshd[53188]: Disconnected from invalid user deamon 117.6.44.221 port 42082 [preauth]
Dec 22 04:49:09 rabid-industry sshd[53195]: Disconnected from authenticating user root 146.190.59.47 port 51210 [preauth]
Dec 22 04:50:27 rabid-industry sshd[53201]: Disconnected from authenticating user root 146.190.59.47 port 51344 [preauth]
Dec 22 04:51:51 rabid-industry sshd[53204]: Disconnected from authenticating user root 146.190.59.47 port 52392 [preauth]
Dec 22 05:03:56 rabid-industry sshd[53239]: Disconnected from authenticating user root 117.6.44.221 port 50364 [preauth]
Dec 22 05:05:42 rabid-industry sshd[53242]: Disconnected from invalid user myuser 117.6.44.221 port 41506 [preauth]
Dec 22 05:07:00 rabid-industry sshd[53256]: Disconnected from authenticating user root 146.190.59.47 port 55786 [preauth]
Dec 22 05:08:19 rabid-industry sshd[53259]: Disconnected from authenticating user root 146.190.59.47 port 41518 [preauth]
Dec 22 05:09:40 rabid-industry sshd[53262]: Disconnected from authenticating user root 146.190.59.47 port 33640 [preauth]
Dec 22 05:19:39 rabid-industry sshd[53289]: Disconnected from invalid user ftpuser 120.48.56.8 port 35110 [preauth]
Dec 22 05:21:02 rabid-industry sshd[53298]: Disconnected from invalid user ftpuser 117.6.44.221 port 46856 [preauth]
Dec 22 05:22:57 rabid-industry sshd[53301]: Disconnected from authenticating user root 117.6.44.221 port 58080 [preauth]
Dec 22 05:26:55 rabid-industry sshd[53322]: Disconnected from invalid user user1 120.48.56.8 port 43694 [preauth]
Dec 22 05:43:10 rabid-industry sshd[53354]: Disconnected from authenticating user root 120.48.56.8 port 54432 [preauth]
Dec 22 05:54:08 rabid-industry sshd[53375]: Disconnected from authenticating user root 120.48.56.8 port 33358 [preauth]
Dec 22 07:21:04 rabid-industry sshd[53483]: Disconnected from invalid user warunee 146.190.55.150 port 39368 [preauth]
Dec 22 07:22:32 rabid-industry sshd[53486]: Disconnected from invalid user minecraft 103.26.136.4 port 36529 [preauth]
Dec 22 07:24:18 rabid-industry sshd[53488]: Disconnected from invalid user arduino 176.113.83.71 port 43968 [preauth]
Dec 22 07:25:56 rabid-industry sshd[53491]: Disconnected from invalid user minecraft 146.190.55.150 port 50818 [preauth]
Dec 22 07:26:44 rabid-industry sshd[53499]: Disconnected from invalid user dbmaker 103.26.136.4 port 33889 [preauth]
Dec 22 07:28:29 rabid-industry sshd[53507]: Disconnected from invalid user ftpuser 176.113.83.71 port 46934 [preauth]
Dec 22 07:30:09 rabid-industry sshd[53515]: Disconnected from invalid user amos 89.182.200.32 port 44095 [preauth]
Dec 22 07:33:04 rabid-industry sshd[53519]: Disconnected from authenticating user root 89.182.200.32 port 50765 [preauth]
Dec 22 07:42:09 rabid-industry sshd[53542]: Disconnected from invalid user cisco 103.26.136.4 port 39338 [preauth]
Dec 22 07:42:11 rabid-industry sshd[53544]: Disconnected from authenticating user root 146.190.55.150 port 49938 [preauth]
Dec 22 07:43:34 rabid-industry sshd[53557]: Disconnected from invalid user ftpuser 146.190.55.150 port 41068 [preauth]
Dec 22 07:43:47 rabid-industry sshd[53564]: Disconnected from invalid user arcadia 176.113.83.71 port 50452 [preauth]
Dec 22 07:57:23 rabid-industry sshd[53585]: Disconnected from authenticating user root 103.26.136.4 port 44782 [preauth]
Dec 22 07:59:36 rabid-industry sshd[53612]: Disconnected from authenticating user root 103.26.136.4 port 33462 [preauth]
Dec 22 07:59:39 rabid-industry sshd[53615]: Disconnected from authenticating user root 146.190.55.150 port 38098 [preauth]
Dec 22 07:59:49 rabid-industry sshd[53618]: Disconnected from invalid user ubuntu 176.113.83.71 port 60040 [preauth]
Dec 22 08:00:57 rabid-industry sshd[53623]: Disconnected from authenticating user root 176.113.83.71 port 36330 [preauth]
Dec 22 08:00:59 rabid-industry sshd[53626]: Disconnected from authenticating user root 146.190.55.150 port 59552 [preauth]
Dec 22 08:01:48 rabid-industry sshd[53650]: Disconnected from invalid user git 103.26.136.4 port 50377 [preauth]
Dec 22 08:13:06 rabid-industry sshd[53662]: Disconnected from authenticating user root 103.171.91.12 port 50502 [preauth]
Dec 22 08:17:10 rabid-industry sshd[53681]: Disconnected from invalid user compiler 103.26.136.4 port 55837 [preauth]
Dec 22 08:19:01 rabid-industry sshd[53688]: Disconnected from authenticating user root 103.171.91.12 port 55264 [preauth]
Dec 22 08:21:00 rabid-industry sshd[53693]: Disconnected from invalid user chen 103.171.91.12 port 52158 [preauth]
Dec 22 08:32:26 rabid-industry sshd[53713]: Disconnected from invalid user ftpuser 103.26.136.4 port 33052 [preauth]
Dec 22 08:34:41 rabid-industry sshd[53716]: Disconnected from invalid user proxyuser 103.26.136.4 port 49964 [preauth]
Dec 22 08:36:01 rabid-industry sshd[53728]: Disconnected from invalid user bkd 103.171.91.12 port 36306 [preauth]
Dec 22 08:51:06 rabid-industry sshd[53757]: Disconnected from invalid user minecraft 103.171.91.12 port 43816 [preauth]
Dec 22 08:53:05 rabid-industry sshd[53759]: Disconnected from authenticating user root 103.171.91.12 port 37602 [preauth]
Dec 22 09:08:22 rabid-industry sshd[53789]: Disconnected from invalid user proxyuser 103.171.91.12 port 45782 [preauth]
Dec 22 09:10:18 rabid-industry sshd[53793]: Disconnected from invalid user ionadmin 103.171.91.12 port 34252 [preauth]
Dec 22 09:25:36 rabid-industry sshd[53812]: Disconnected from invalid user sftpuser1 103.171.91.12 port 49950 [preauth]
Dec 22 10:53:02 rabid-industry sshd[53899]: Disconnected from authenticating user root 138.124.51.98 port 33620 [preauth]
Dec 22 10:54:54 rabid-industry sshd[53902]: Disconnected from authenticating user root 138.124.51.98 port 34622 [preauth]
Dec 22 10:56:25 rabid-industry sshd[53906]: Disconnected from authenticating user root 138.124.51.98 port 53696 [preauth]
Dec 22 11:11:37 rabid-industry sshd[53968]: Disconnected from authenticating user root 138.124.51.98 port 48044 [preauth]
Dec 22 11:13:21 rabid-industry sshd[53971]: Disconnected from authenticating user root 138.124.51.98 port 40818 [preauth]
Dec 22 11:15:05 rabid-industry sshd[53975]: Disconnected from invalid user minecraft 138.124.51.98 port 36308 [preauth]
Dec 22 11:27:22 rabid-industry sshd[53996]: Disconnected from invalid user k8s 59.36.160.42 port 37004 [preauth]
Dec 22 11:30:09 rabid-industry sshd[54003]: Disconnected from authenticating user root 59.36.160.42 port 39594 [preauth]
Dec 22 11:30:12 rabid-industry sshd[54014]: Disconnected from invalid user ftpuser 138.124.51.98 port 40838 [preauth]
Dec 22 11:45:15 rabid-industry sshd[54033]: Disconnected from invalid user azureuser 59.36.160.42 port 45338 [preauth]
Dec 22 11:45:46 rabid-industry sshd[54040]: Disconnected from invalid user ftpmedia 138.124.51.98 port 40728 [preauth]
Dec 22 11:47:20 rabid-industry sshd[54044]: Disconnected from invalid user myuser 59.36.160.42 port 42410 [preauth]
Dec 22 11:47:24 rabid-industry sshd[54051]: Disconnected from invalid user usman 138.124.51.98 port 48106 [preauth]
Dec 22 12:04:14 rabid-industry sshd[54087]: Disconnected from invalid user q 59.36.160.42 port 40388 [preauth]
Dec 22 12:11:51 rabid-industry sshd[54099]: Disconnected from 120.26.45.136 port 48660 [preauth]
Dec 22 12:20:44 rabid-industry sshd[54110]: Disconnected from invalid user user21 59.36.160.42 port 59700 [preauth]
Dec 22 12:22:34 rabid-industry sshd[54112]: Disconnected from invalid user tt 59.36.160.42 port 44258 [preauth]
Dec 22 12:52:23 rabid-industry sshd[54143]: Disconnected from invalid user stacey 58.209.82.184 port 39104 [preauth]
Dec 22 12:54:15 rabid-industry sshd[54145]: Disconnected from authenticating user root 104.168.46.10 port 41580 [preauth]
Dec 22 12:56:57 rabid-industry sshd[54149]: Disconnected from invalid user debian 14.103.117.142 port 45532 [preauth]
Dec 22 12:58:11 rabid-industry sshd[54152]: Disconnected from authenticating user root 104.168.46.10 port 35700 [preauth]
