Dec 23 23:41:03 rabid-industry sshd[65159]: Disconnecting authenticating user root 36.110.228.254 port 22488: Too many authentication failures [preauth]
Dec 24 03:41:51 rabid-industry sshd[65725]: Disconnecting authenticating user root 84.220.210.241 port 40354: Too many authentication failures [preauth]
Dec 24 03:42:09 rabid-industry sshd[65729]: Disconnecting authenticating user root 146.59.238.183 port 58172: Change of username or service not allowed: (root,ssh-connection) -> (test,ssh-connection) [preauth]
Dec 24 11:09:09 rabid-industry sshd[66575]: Disconnecting authenticating user root 213.35.98.160 port 46282: Too many authentication failures [preauth]
Dec 24 20:25:45 rabid-industry sshd[67982]: Disconnecting invalid user ubnt 114.32.126.61 port 49953: Too many authentication failures [preauth]
Dec 25 14:52:33 rabid-industry sshd[70560]: Disconnecting invalid user admin 220.133.82.141 port 37798: Too many authentication failures [preauth]
Dec 25 21:10:45 rabid-industry sshd[76844]: Disconnecting authenticating user root 141.148.198.218 port 41592: Too many authentication failures [preauth]
Dec 25 21:57:13 rabid-industry sshd[77018]: Disconnecting authenticating user root 112.221.114.9 port 35134: Too many authentication failures [preauth]
Dec 26 00:41:36 rabid-industry sshd[77459]: Disconnecting invalid user admin 86.168.67.10 port 39074: Too many authentication failures [preauth]
Dec 26 02:43:34 rabid-industry sshd[77996]: Disconnecting authenticating user root 115.141.226.196 port 41433: Too many authentication failures [preauth]
Dec 27 08:35:27 rabid-industry sshd[84364]: Disconnecting authenticating user root 98.191.229.166 port 59702: Too many authentication failures [preauth]
Dec 27 22:29:08 rabid-industry sshd[87258]: Disconnecting invalid user ubnt 220.82.166.157 port 63298: Too many authentication failures [preauth]
Dec 28 15:54:06 rabid-industry sshd[92937]: Disconnecting authenticating user root 185.188.217.120 port 55562: Too many authentication failures [preauth]
Dec 28 22:12:35 rabid-industry sshd[94895]: Disconnecting authenticating user root 218.145.181.48 port 41524: Too many authentication failures [preauth]
Dec 29 06:22:00 rabid-industry sshd[96844]: Disconnecting invalid user pi 170.253.190.98 port 40853: Too many authentication failures [preauth]
Dec 30 03:36:22 rabid-industry sshd[100385]: Disconnecting authenticating user root 124.52.207.44 port 58693: Too many authentication failures [preauth]
Dec 30 10:04:56 rabid-industry sshd[101436]: Disconnecting authenticating user root 74.73.241.225 port 51114: Too many authentication failures [preauth]
Dec 30 11:27:40 rabid-industry sshd[101777]: Disconnecting authenticating user root 182.215.66.232 port 34572: Too many authentication failures [preauth]
Dec 30 16:09:06 rabid-industry sshd[102561]: Disconnecting authenticating user root 83.254.255.77 port 39552: Too many authentication failures [preauth]
Dec 30 19:08:24 rabid-industry sshd[103212]: Disconnecting authenticating user root 119.96.23.34 port 36976: Change of username or service not allowed: (root,ssh-connection) -> (test,ssh-connection) [preauth]
Dec 30 22:17:09 rabid-industry sshd[104099]: Disconnecting authenticating user root 14.5.185.180 port 50885: Too many authentication failures [preauth]
Dec 31 04:00:25 rabid-industry sshd[105220]: Disconnecting authenticating user root 220.81.148.72 port 56772: Too many authentication failures [preauth]
Jan  1 14:30:05 rabid-industry sshd[116693]: Disconnecting authenticating user root 75.178.99.71 port 39456: Too many authentication failures [preauth]
Dec 15 08:23:45 rabid-industry sshd[1914]: Disconnecting authenticating user root 102.152.154.243 port 48659: Too many authentication failures [preauth]
Dec 15 09:06:05 rabid-industry sshd[2140]: Disconnecting invalid user admin 220.134.152.45 port 32984: Too many authentication failures [preauth]
Dec 15 09:06:31 rabid-industry sshd[2142]: Disconnecting invalid user admin 220.134.152.45 port 33464: Too many authentication failures [preauth]
Dec 15 09:06:55 rabid-industry sshd[2144]: Disconnecting invalid user admin 220.134.152.45 port 33828: Too many authentication failures [preauth]
Dec 15 09:07:20 rabid-industry sshd[2147]: Disconnecting invalid user admin 220.134.152.45 port 34210: Too many authentication failures [preauth]
Dec 15 09:07:44 rabid-industry sshd[2151]: Disconnecting invalid user admin 220.134.152.45 port 34643: Too many authentication failures [preauth]
Dec 15 09:08:11 rabid-industry sshd[2155]: Disconnecting invalid user admin 220.134.152.45 port 35081: Too many authentication failures [preauth]
Dec 15 09:08:33 rabid-industry sshd[2157]: Disconnecting invalid user admin 220.134.152.45 port 35494: Too many authentication failures [preauth]
Dec 15 09:08:58 rabid-industry sshd[2159]: Disconnecting invalid user admin 220.134.152.45 port 35913: Too many authentication failures [preauth]
Dec 15 09:09:24 rabid-industry sshd[2161]: Disconnecting invalid user admin 220.134.152.45 port 36257: Too many authentication failures [preauth]
Dec 15 09:09:51 rabid-industry sshd[2163]: Disconnecting invalid user admin 220.134.152.45 port 36669: Too many authentication failures [preauth]
Dec 15 12:16:38 rabid-industry sshd[2328]: Disconnecting invalid user admin 203.150.168.231 port 38589: Too many authentication failures [preauth]
Dec 15 12:17:04 rabid-industry sshd[2330]: Disconnecting invalid user admin 203.150.168.231 port 39363: Too many authentication failures [preauth]
Dec 15 12:17:30 rabid-industry sshd[2332]: Disconnecting invalid user admin 203.150.168.231 port 39856: Too many authentication failures [preauth]
Dec 15 12:17:55 rabid-industry sshd[2334]: Disconnecting invalid user admin 203.150.168.231 port 40440: Too many authentication failures [preauth]
Dec 15 12:18:20 rabid-industry sshd[2336]: Disconnecting invalid user admin 203.150.168.231 port 41018: Too many authentication failures [preauth]
Dec 15 12:18:45 rabid-industry sshd[2339]: Disconnecting invalid user admin 203.150.168.231 port 41435: Too many authentication failures [preauth]
Dec 15 12:19:09 rabid-industry sshd[2341]: Disconnecting invalid user admin 203.150.168.231 port 41753: Too many authentication failures [preauth]
Dec 15 12:19:33 rabid-industry sshd[2344]: Disconnecting invalid user admin 203.150.168.231 port 42302: Too many authentication failures [preauth]
Dec 15 12:19:54 rabid-industry sshd[2346]: Disconnecting invalid user admin 203.150.168.231 port 43087: Too many authentication failures [preauth]
Dec 15 12:20:16 rabid-industry sshd[2348]: Disconnecting invalid user admin 203.150.168.231 port 43587: Too many authentication failures [preauth]
Dec 15 12:20:42 rabid-industry sshd[2352]: Disconnecting invalid user admin 203.150.168.231 port 44101: Too many authentication failures [preauth]
Dec 15 12:21:04 rabid-industry sshd[2354]: Disconnecting invalid user admin 203.150.168.231 port 44576: Too many authentication failures [preauth]
Dec 15 12:21:25 rabid-industry sshd[2357]: Disconnecting invalid user admin 203.150.168.231 port 44909: Too many authentication failures [preauth]
Dec 15 15:44:42 rabid-industry sshd[3487]: Disconnecting authenticating user root 112.72.176.167 port 59814: Too many authentication failures [preauth]
Dec 15 15:45:10 rabid-industry sshd[3499]: Disconnecting authenticating user root 112.72.176.167 port 63888: Too many authentication failures [preauth]
Dec 15 15:45:41 rabid-industry sshd[3528]: Disconnecting authenticating user root 112.72.176.167 port 1406: Too many authentication failures [preauth]
Dec 15 15:46:06 rabid-industry sshd[3557]: Disconnecting authenticating user root 112.72.176.167 port 5941: Too many authentication failures [preauth]
Dec 15 15:46:36 rabid-industry sshd[3586]: Disconnecting authenticating user root 112.72.176.167 port 9722: Too many authentication failures [preauth]
Dec 15 15:47:06 rabid-industry sshd[3615]: Disconnecting authenticating user root 112.72.176.167 port 16354: Too many authentication failures [preauth]
Dec 15 15:47:35 rabid-industry sshd[3644]: Disconnecting authenticating user root 112.72.176.167 port 21076: Too many authentication failures [preauth]
Dec 15 15:48:04 rabid-industry sshd[3667]: Disconnecting authenticating user root 112.72.176.167 port 24744: Too many authentication failures [preauth]
Dec 15 15:48:36 rabid-industry sshd[3691]: Disconnecting authenticating user root 112.72.176.167 port 28482: Too many authentication failures [preauth]
Dec 15 15:49:07 rabid-industry sshd[3715]: Disconnecting authenticating user root 112.72.176.167 port 31502: Too many authentication failures [preauth]
Dec 15 15:49:37 rabid-industry sshd[3735]: Disconnecting authenticating user root 112.72.176.167 port 34879: Too many authentication failures [preauth]
Dec 15 23:39:34 rabid-industry sshd[4209]: Disconnecting authenticating user root 121.161.169.207 port 36020: Too many authentication failures [preauth]
Dec 15 23:39:55 rabid-industry sshd[4217]: Disconnecting authenticating user root 121.161.169.207 port 37930: Too many authentication failures [preauth]
Dec 15 23:40:17 rabid-industry sshd[4225]: Disconnecting authenticating user root 121.161.169.207 port 39884: Too many authentication failures [preauth]
Dec 15 23:40:45 rabid-industry sshd[4238]: Disconnecting invalid user admin 121.161.169.207 port 42194: Too many authentication failures [preauth]
Dec 15 23:41:05 rabid-industry sshd[4240]: Disconnecting invalid user admin 121.161.169.207 port 43984: Too many authentication failures [preauth]
Dec 15 23:41:47 rabid-industry sshd[4244]: Disconnecting invalid user oracle 121.161.169.207 port 47242: Too many authentication failures [preauth]
Dec 15 23:42:09 rabid-industry sshd[4246]: Disconnecting invalid user oracle 121.161.169.207 port 49240: Too many authentication failures [preauth]
Dec 15 23:42:48 rabid-industry sshd[4250]: Disconnecting invalid user usuario 121.161.169.207 port 52642: Too many authentication failures [preauth]
Dec 15 23:43:11 rabid-industry sshd[4252]: Disconnecting invalid user usuario 121.161.169.207 port 54672: Too many authentication failures [preauth]
Dec 15 23:43:52 rabid-industry sshd[4256]: Disconnecting invalid user test 121.161.169.207 port 58276: Too many authentication failures [preauth]
Dec 15 23:44:14 rabid-industry sshd[4258]: Disconnecting invalid user test 121.161.169.207 port 60288: Too many authentication failures [preauth]
Dec 15 23:44:54 rabid-industry sshd[4263]: Disconnecting invalid user user 121.161.169.207 port 35404: Too many authentication failures [preauth]
Dec 15 23:45:14 rabid-industry sshd[4267]: Disconnecting invalid user user 121.161.169.207 port 37550: Too many authentication failures [preauth]
Dec 15 23:45:50 rabid-industry sshd[4271]: Disconnecting invalid user ftpuser 121.161.169.207 port 40702: Too many authentication failures [preauth]
Dec 15 23:46:10 rabid-industry sshd[4274]: Disconnecting invalid user ftpuser 121.161.169.207 port 42510: Too many authentication failures [preauth]
Dec 15 23:46:46 rabid-industry sshd[4278]: Disconnecting invalid user test1 121.161.169.207 port 45468: Too many authentication failures [preauth]
Dec 15 23:47:05 rabid-industry sshd[4280]: Disconnecting invalid user test1 121.161.169.207 port 47374: Too many authentication failures [preauth]
Dec 15 23:47:45 rabid-industry sshd[4286]: Disconnecting invalid user test2 121.161.169.207 port 50748: Too many authentication failures [preauth]
Dec 15 23:48:06 rabid-industry sshd[4288]: Disconnecting invalid user test2 121.161.169.207 port 52566: Too many authentication failures [preauth]
Dec 15 23:48:48 rabid-industry sshd[4296]: Disconnecting invalid user ubuntu 121.161.169.207 port 56566: Too many authentication failures [preauth]
Dec 15 23:49:05 rabid-industry sshd[4298]: Disconnecting invalid user ubuntu 121.161.169.207 port 58032: Too many authentication failures [preauth]
Dec 16 00:30:09 rabid-industry sshd[4378]: Disconnecting authenticating user root 39.129.23.197 port 41330: Too many authentication failures [preauth]
Dec 16 01:15:40 rabid-industry sshd[4431]: Disconnecting invalid user ubnt 88.247.106.30 port 33805: Too many authentication failures [preauth]
Dec 16 08:50:14 rabid-industry sshd[6072]: Disconnecting authenticating user root 182.215.66.232 port 42818: Too many authentication failures [preauth]
Dec 16 17:03:19 rabid-industry sshd[6745]: Disconnecting authenticating user root 124.155.113.199 port 44739: Too many authentication failures [preauth]
Dec 18 02:26:16 rabid-industry sshd[27415]: Disconnecting authenticating user root 122.33.223.90 port 35745: Too many authentication failures [preauth]
Dec 18 07:33:11 rabid-industry sshd[28415]: Disconnecting authenticating user root 90.133.130.12 port 55364: Too many authentication failures [preauth]
Dec 18 07:33:30 rabid-industry sshd[28423]: Disconnecting authenticating user root 90.133.130.12 port 58600: Too many authentication failures [preauth]
Dec 18 07:33:51 rabid-industry sshd[28431]: Disconnecting authenticating user root 90.133.130.12 port 33240: Too many authentication failures [preauth]
Dec 18 07:34:16 rabid-industry sshd[28442]: Disconnecting invalid user admin 90.133.130.12 port 36890: Too many authentication failures [preauth]
Dec 18 07:34:36 rabid-industry sshd[28444]: Disconnecting invalid user admin 90.133.130.12 port 39726: Too many authentication failures [preauth]
Dec 18 07:35:12 rabid-industry sshd[28451]: Disconnecting invalid user oracle 90.133.130.12 port 44600: Too many authentication failures [preauth]
Dec 18 07:35:34 rabid-industry sshd[28453]: Disconnecting invalid user oracle 90.133.130.12 port 47724: Too many authentication failures [preauth]
Dec 18 07:36:10 rabid-industry sshd[28458]: Disconnecting invalid user usuario 90.133.130.12 port 53130: Too many authentication failures [preauth]
Dec 18 07:36:33 rabid-industry sshd[28460]: Disconnecting invalid user usuario 90.133.130.12 port 56104: Too many authentication failures [preauth]
Dec 18 07:37:09 rabid-industry sshd[28466]: Disconnecting invalid user test 90.133.130.12 port 33906: Too many authentication failures [preauth]
Dec 18 07:37:28 rabid-industry sshd[28468]: Disconnecting invalid user test 90.133.130.12 port 37170: Too many authentication failures [preauth]
Dec 18 07:38:04 rabid-industry sshd[28472]: Disconnecting invalid user user 90.133.130.12 port 42258: Too many authentication failures [preauth]
Dec 18 07:38:25 rabid-industry sshd[28474]: Disconnecting invalid user user 90.133.130.12 port 45672: Too many authentication failures [preauth]
Dec 18 07:39:05 rabid-industry sshd[28478]: Disconnecting invalid user ftpuser 90.133.130.12 port 51052: Too many authentication failures [preauth]
Dec 18 07:39:23 rabid-industry sshd[28480]: Disconnecting invalid user ftpuser 90.133.130.12 port 54918: Too many authentication failures [preauth]
Dec 18 07:39:58 rabid-industry sshd[28484]: Disconnecting invalid user test1 90.133.130.12 port 60024: Too many authentication failures [preauth]
Dec 18 07:40:18 rabid-industry sshd[28486]: Disconnecting invalid user test1 90.133.130.12 port 35388: Too many authentication failures [preauth]
Dec 18 07:40:49 rabid-industry sshd[28492]: Disconnecting invalid user test2 90.133.130.12 port 40560: Too many authentication failures [preauth]
Dec 18 07:41:05 rabid-industry sshd[28494]: Disconnecting invalid user test2 90.133.130.12 port 43374: Too many authentication failures [preauth]
Dec 18 07:41:45 rabid-industry sshd[28501]: Disconnecting invalid user ubuntu 90.133.130.12 port 49328: Too many authentication failures [preauth]
Dec 18 07:42:04 rabid-industry sshd[28503]: Disconnecting invalid user ubuntu 90.133.130.12 port 51918: Too many authentication failures [preauth]
Dec 18 09:10:54 rabid-industry sshd[28591]: Disconnecting authenticating user root 112.146.19.141 port 49986: Too many authentication failures [preauth]
Dec 18 09:11:16 rabid-industry sshd[28599]: Disconnecting authenticating user root 112.146.19.141 port 53434: Too many authentication failures [preauth]
Dec 18 09:11:39 rabid-industry sshd[28607]: Disconnecting authenticating user root 112.146.19.141 port 56770: Too many authentication failures [preauth]
Dec 18 09:12:04 rabid-industry sshd[28618]: Disconnecting invalid user admin 112.146.19.141 port 32854: Too many authentication failures [preauth]
Dec 18 09:12:27 rabid-industry sshd[28621]: Disconnecting invalid user admin 112.146.19.141 port 35622: Too many authentication failures [preauth]
Dec 18 09:13:03 rabid-industry sshd[28625]: Disconnecting invalid user oracle 112.146.19.141 port 40770: Too many authentication failures [preauth]
Dec 18 09:13:29 rabid-industry sshd[28627]: Disconnecting invalid user oracle 112.146.19.141 port 43990: Too many authentication failures [preauth]
Dec 18 09:14:11 rabid-industry sshd[28632]: Disconnecting invalid user usuario 112.146.19.141 port 50446: Too many authentication failures [preauth]
Dec 18 09:14:35 rabid-industry sshd[28635]: Disconnecting invalid user usuario 112.146.19.141 port 53992: Too many authentication failures [preauth]
Dec 18 09:15:13 rabid-industry sshd[28639]: Disconnecting invalid user test 112.146.19.141 port 60320: Too many authentication failures [preauth]
Dec 18 09:15:36 rabid-industry sshd[28641]: Disconnecting invalid user test 112.146.19.141 port 35450: Too many authentication failures [preauth]
Dec 18 09:16:13 rabid-industry sshd[28645]: Disconnecting invalid user user 112.146.19.141 port 41254: Too many authentication failures [preauth]
Dec 18 09:16:30 rabid-industry sshd[28647]: Disconnecting invalid user user 112.146.19.141 port 44450: Too many authentication failures [preauth]
Dec 18 09:17:03 rabid-industry sshd[28651]: Disconnecting invalid user ftpuser 112.146.19.141 port 49266: Too many authentication failures [preauth]
Dec 18 09:17:20 rabid-industry sshd[28653]: Disconnecting invalid user ftpuser 112.146.19.141 port 51926: Too many authentication failures [preauth]
Dec 18 09:17:56 rabid-industry sshd[28657]: Disconnecting invalid user test1 112.146.19.141 port 56638: Too many authentication failures [preauth]
Dec 18 09:18:17 rabid-industry sshd[28659]: Disconnecting invalid user test1 112.146.19.141 port 59712: Too many authentication failures [preauth]
Dec 18 09:18:53 rabid-industry sshd[28663]: Disconnecting invalid user test2 112.146.19.141 port 36978: Too many authentication failures [preauth]
Dec 18 09:19:12 rabid-industry sshd[28665]: Disconnecting invalid user test2 112.146.19.141 port 39852: Too many authentication failures [preauth]
Dec 18 09:20:12 rabid-industry sshd[28672]: Disconnecting invalid user ubuntu 112.146.19.141 port 47804: Too many authentication failures [preauth]
Dec 18 09:20:34 rabid-industry sshd[28677]: Disconnecting invalid user ubuntu 112.146.19.141 port 51372: Too many authentication failures [preauth]
Dec 19 14:07:36 rabid-industry sshd[7690]: Disconnecting authenticating user root 101.178.46.89 port 53930: Too many authentication failures [preauth]
Dec 19 14:08:00 rabid-industry sshd[7726]: Disconnecting authenticating user root 101.178.46.89 port 54374: Too many authentication failures [preauth]
Dec 19 14:08:24 rabid-industry sshd[7734]: Disconnecting authenticating user root 101.178.46.89 port 54881: Too many authentication failures [preauth]
Dec 19 14:08:46 rabid-industry sshd[7770]: Disconnecting authenticating user root 101.178.46.89 port 55371: Too many authentication failures [preauth]
Dec 19 14:09:10 rabid-industry sshd[7824]: Disconnecting authenticating user root 101.178.46.89 port 55838: Too many authentication failures [preauth]
Dec 19 14:09:33 rabid-industry sshd[7853]: Disconnecting authenticating user root 101.178.46.89 port 56350: Too many authentication failures [preauth]
Dec 19 14:09:57 rabid-industry sshd[7873]: Disconnecting authenticating user root 101.178.46.89 port 56830: Too many authentication failures [preauth]
Dec 19 14:10:21 rabid-industry sshd[7884]: Disconnecting authenticating user root 101.178.46.89 port 57315: Too many authentication failures [preauth]
Dec 19 14:10:44 rabid-industry sshd[7907]: Disconnecting authenticating user root 101.178.46.89 port 57789: Too many authentication failures [preauth]
Dec 19 14:11:08 rabid-industry sshd[7976]: Disconnecting authenticating user root 101.178.46.89 port 58246: Too many authentication failures [preauth]
Dec 19 14:11:32 rabid-industry sshd[7987]: Disconnecting authenticating user root 101.178.46.89 port 58727: Too many authentication failures [preauth]
Dec 19 14:11:54 rabid-industry sshd[7995]: Disconnecting authenticating user root 101.178.46.89 port 59168: Too many authentication failures [preauth]
Dec 19 14:12:17 rabid-industry sshd[8004]: Disconnecting authenticating user root 101.178.46.89 port 59572: Too many authentication failures [preauth]
Dec 19 14:12:41 rabid-industry sshd[8014]: Disconnecting authenticating user root 101.178.46.89 port 60027: Too many authentication failures [preauth]
Dec 19 14:13:01 rabid-industry sshd[8024]: Disconnecting authenticating user root 101.178.46.89 port 60455: Too many authentication failures [preauth]
Dec 19 14:13:25 rabid-industry sshd[8032]: Disconnecting authenticating user root 101.178.46.89 port 60832: Too many authentication failures [preauth]
Dec 19 14:13:46 rabid-industry sshd[8043]: Disconnecting authenticating user root 101.178.46.89 port 33089: Too many authentication failures [preauth]
Dec 19 14:14:10 rabid-industry sshd[8051]: Disconnecting authenticating user root 101.178.46.89 port 33495: Too many authentication failures [preauth]
Dec 19 14:14:34 rabid-industry sshd[8064]: Disconnecting authenticating user root 101.178.46.89 port 34004: Too many authentication failures [preauth]
Dec 19 23:23:50 rabid-industry sshd[17886]: Disconnecting authenticating user root 49.162.158.25 port 56485: Too many authentication failures [preauth]
Dec 20 22:50:30 rabid-industry sshd[41466]: Disconnecting invalid user admin 211.248.171.17 port 57761: Too many authentication failures [preauth]
Dec 23 23:41:03 rabid-industry sshd[65159]: Disconnecting authenticating user root 36.110.228.254 port 22488: Too many authentication failures [preauth]
Dec 24 03:41:51 rabid-industry sshd[65725]: Disconnecting authenticating user root 84.220.210.241 port 40354: Too many authentication failures [preauth]
Dec 24 03:42:09 rabid-industry sshd[65729]: Disconnecting authenticating user root 146.59.238.183 port 58172: Change of username or service not allowed: (root,ssh-connection) -> (test,ssh-connection) [preauth]
Dec 24 11:09:09 rabid-industry sshd[66575]: Disconnecting authenticating user root 213.35.98.160 port 46282: Too many authentication failures [preauth]
Dec 24 20:25:45 rabid-industry sshd[67982]: Disconnecting invalid user ubnt 114.32.126.61 port 49953: Too many authentication failures [preauth]
Dec 25 14:52:33 rabid-industry sshd[70560]: Disconnecting invalid user admin 220.133.82.141 port 37798: Too many authentication failures [preauth]
Dec 25 21:10:45 rabid-industry sshd[76844]: Disconnecting authenticating user root 141.148.198.218 port 41592: Too many authentication failures [preauth]
Dec 25 21:57:13 rabid-industry sshd[77018]: Disconnecting authenticating user root 112.221.114.9 port 35134: Too many authentication failures [preauth]
Dec 26 00:41:36 rabid-industry sshd[77459]: Disconnecting invalid user admin 86.168.67.10 port 39074: Too many authentication failures [preauth]
Dec 26 02:43:34 rabid-industry sshd[77996]: Disconnecting authenticating user root 115.141.226.196 port 41433: Too many authentication failures [preauth]
Dec 27 08:35:27 rabid-industry sshd[84364]: Disconnecting authenticating user root 98.191.229.166 port 59702: Too many authentication failures [preauth]
Dec 27 22:29:08 rabid-industry sshd[87258]: Disconnecting invalid user ubnt 220.82.166.157 port 63298: Too many authentication failures [preauth]
Dec 28 15:54:06 rabid-industry sshd[92937]: Disconnecting authenticating user root 185.188.217.120 port 55562: Too many authentication failures [preauth]
Dec 28 22:12:35 rabid-industry sshd[94895]: Disconnecting authenticating user root 218.145.181.48 port 41524: Too many authentication failures [preauth]
Dec 29 06:22:00 rabid-industry sshd[96844]: Disconnecting invalid user pi 170.253.190.98 port 40853: Too many authentication failures [preauth]
Dec 30 03:36:22 rabid-industry sshd[100385]: Disconnecting authenticating user root 124.52.207.44 port 58693: Too many authentication failures [preauth]
Dec 30 10:04:56 rabid-industry sshd[101436]: Disconnecting authenticating user root 74.73.241.225 port 51114: Too many authentication failures [preauth]
Dec 30 11:27:40 rabid-industry sshd[101777]: Disconnecting authenticating user root 182.215.66.232 port 34572: Too many authentication failures [preauth]
Dec 30 16:09:06 rabid-industry sshd[102561]: Disconnecting authenticating user root 83.254.255.77 port 39552: Too many authentication failures [preauth]
Dec 30 19:08:24 rabid-industry sshd[103212]: Disconnecting authenticating user root 119.96.23.34 port 36976: Change of username or service not allowed: (root,ssh-connection) -> (test,ssh-connection) [preauth]
Dec 30 22:17:09 rabid-industry sshd[104099]: Disconnecting authenticating user root 14.5.185.180 port 50885: Too many authentication failures [preauth]
Dec 31 04:00:25 rabid-industry sshd[105220]: Disconnecting authenticating user root 220.81.148.72 port 56772: Too many authentication failures [preauth]
Jan  1 14:30:05 rabid-industry sshd[116693]: Disconnecting authenticating user root 75.178.99.71 port 39456: Too many authentication failures [preauth]
Dec 15 08:23:45 rabid-industry sshd[1914]: Disconnecting authenticating user root 102.152.154.243 port 48659: Too many authentication failures [preauth]
Dec 15 09:06:05 rabid-industry sshd[2140]: Disconnecting invalid user admin 220.134.152.45 port 32984: Too many authentication failures [preauth]
Dec 15 09:06:31 rabid-industry sshd[2142]: Disconnecting invalid user admin 220.134.152.45 port 33464: Too many authentication failures [preauth]
Dec 15 09:06:55 rabid-industry sshd[2144]: Disconnecting invalid user admin 220.134.152.45 port 33828: Too many authentication failures [preauth]
Dec 15 09:07:20 rabid-industry sshd[2147]: Disconnecting invalid user admin 220.134.152.45 port 34210: Too many authentication failures [preauth]
Dec 15 09:07:44 rabid-industry sshd[2151]: Disconnecting invalid user admin 220.134.152.45 port 34643: Too many authentication failures [preauth]
Dec 15 09:08:11 rabid-industry sshd[2155]: Disconnecting invalid user admin 220.134.152.45 port 35081: Too many authentication failures [preauth]
Dec 15 09:08:33 rabid-industry sshd[2157]: Disconnecting invalid user admin 220.134.152.45 port 35494: Too many authentication failures [preauth]
Dec 15 09:08:58 rabid-industry sshd[2159]: Disconnecting invalid user admin 220.134.152.45 port 35913: Too many authentication failures [preauth]
Dec 15 09:09:24 rabid-industry sshd[2161]: Disconnecting invalid user admin 220.134.152.45 port 36257: Too many authentication failures [preauth]
Dec 15 09:09:51 rabid-industry sshd[2163]: Disconnecting invalid user admin 220.134.152.45 port 36669: Too many authentication failures [preauth]
Dec 15 12:16:38 rabid-industry sshd[2328]: Disconnecting invalid user admin 203.150.168.231 port 38589: Too many authentication failures [preauth]
Dec 15 12:17:04 rabid-industry sshd[2330]: Disconnecting invalid user admin 203.150.168.231 port 39363: Too many authentication failures [preauth]
Dec 15 12:17:30 rabid-industry sshd[2332]: Disconnecting invalid user admin 203.150.168.231 port 39856: Too many authentication failures [preauth]
Dec 15 12:17:55 rabid-industry sshd[2334]: Disconnecting invalid user admin 203.150.168.231 port 40440: Too many authentication failures [preauth]
Dec 15 12:18:20 rabid-industry sshd[2336]: Disconnecting invalid user admin 203.150.168.231 port 41018: Too many authentication failures [preauth]
Dec 15 12:18:45 rabid-industry sshd[2339]: Disconnecting invalid user admin 203.150.168.231 port 41435: Too many authentication failures [preauth]
Dec 15 12:19:09 rabid-industry sshd[2341]: Disconnecting invalid user admin 203.150.168.231 port 41753: Too many authentication failures [preauth]
Dec 15 12:19:33 rabid-industry sshd[2344]: Disconnecting invalid user admin 203.150.168.231 port 42302: Too many authentication failures [preauth]
Dec 15 12:19:54 rabid-industry sshd[2346]: Disconnecting invalid user admin 203.150.168.231 port 43087: Too many authentication failures [preauth]
Dec 15 12:20:16 rabid-industry sshd[2348]: Disconnecting invalid user admin 203.150.168.231 port 43587: Too many authentication failures [preauth]
Dec 15 12:20:42 rabid-industry sshd[2352]: Disconnecting invalid user admin 203.150.168.231 port 44101: Too many authentication failures [preauth]
Dec 15 12:21:04 rabid-industry sshd[2354]: Disconnecting invalid user admin 203.150.168.231 port 44576: Too many authentication failures [preauth]
Dec 15 12:21:25 rabid-industry sshd[2357]: Disconnecting invalid user admin 203.150.168.231 port 44909: Too many authentication failures [preauth]
Dec 15 15:44:42 rabid-industry sshd[3487]: Disconnecting authenticating user root 112.72.176.167 port 59814: Too many authentication failures [preauth]
Dec 15 15:45:10 rabid-industry sshd[3499]: Disconnecting authenticating user root 112.72.176.167 port 63888: Too many authentication failures [preauth]
Dec 15 15:45:41 rabid-industry sshd[3528]: Disconnecting authenticating user root 112.72.176.167 port 1406: Too many authentication failures [preauth]
Dec 15 15:46:06 rabid-industry sshd[3557]: Disconnecting authenticating user root 112.72.176.167 port 5941: Too many authentication failures [preauth]
Dec 15 15:46:36 rabid-industry sshd[3586]: Disconnecting authenticating user root 112.72.176.167 port 9722: Too many authentication failures [preauth]
Dec 15 15:47:06 rabid-industry sshd[3615]: Disconnecting authenticating user root 112.72.176.167 port 16354: Too many authentication failures [preauth]
Dec 15 15:47:35 rabid-industry sshd[3644]: Disconnecting authenticating user root 112.72.176.167 port 21076: Too many authentication failures [preauth]
Dec 15 15:48:04 rabid-industry sshd[3667]: Disconnecting authenticating user root 112.72.176.167 port 24744: Too many authentication failures [preauth]
Dec 15 15:48:36 rabid-industry sshd[3691]: Disconnecting authenticating user root 112.72.176.167 port 28482: Too many authentication failures [preauth]
Dec 15 15:49:07 rabid-industry sshd[3715]: Disconnecting authenticating user root 112.72.176.167 port 31502: Too many authentication failures [preauth]
Dec 15 15:49:37 rabid-industry sshd[3735]: Disconnecting authenticating user root 112.72.176.167 port 34879: Too many authentication failures [preauth]
Dec 15 23:39:34 rabid-industry sshd[4209]: Disconnecting authenticating user root 121.161.169.207 port 36020: Too many authentication failures [preauth]
Dec 15 23:39:55 rabid-industry sshd[4217]: Disconnecting authenticating user root 121.161.169.207 port 37930: Too many authentication failures [preauth]
Dec 15 23:40:17 rabid-industry sshd[4225]: Disconnecting authenticating user root 121.161.169.207 port 39884: Too many authentication failures [preauth]
Dec 15 23:40:45 rabid-industry sshd[4238]: Disconnecting invalid user admin 121.161.169.207 port 42194: Too many authentication failures [preauth]
Dec 15 23:41:05 rabid-industry sshd[4240]: Disconnecting invalid user admin 121.161.169.207 port 43984: Too many authentication failures [preauth]
Dec 15 23:41:47 rabid-industry sshd[4244]: Disconnecting invalid user oracle 121.161.169.207 port 47242: Too many authentication failures [preauth]
Dec 15 23:42:09 rabid-industry sshd[4246]: Disconnecting invalid user oracle 121.161.169.207 port 49240: Too many authentication failures [preauth]
Dec 15 23:42:48 rabid-industry sshd[4250]: Disconnecting invalid user usuario 121.161.169.207 port 52642: Too many authentication failures [preauth]
Dec 15 23:43:11 rabid-industry sshd[4252]: Disconnecting invalid user usuario 121.161.169.207 port 54672: Too many authentication failures [preauth]
Dec 15 23:43:52 rabid-industry sshd[4256]: Disconnecting invalid user test 121.161.169.207 port 58276: Too many authentication failures [preauth]
Dec 15 23:44:14 rabid-industry sshd[4258]: Disconnecting invalid user test 121.161.169.207 port 60288: Too many authentication failures [preauth]
Dec 15 23:44:54 rabid-industry sshd[4263]: Disconnecting invalid user user 121.161.169.207 port 35404: Too many authentication failures [preauth]
Dec 15 23:45:14 rabid-industry sshd[4267]: Disconnecting invalid user user 121.161.169.207 port 37550: Too many authentication failures [preauth]
Dec 15 23:45:50 rabid-industry sshd[4271]: Disconnecting invalid user ftpuser 121.161.169.207 port 40702: Too many authentication failures [preauth]
Dec 15 23:46:10 rabid-industry sshd[4274]: Disconnecting invalid user ftpuser 121.161.169.207 port 42510: Too many authentication failures [preauth]
Dec 15 23:46:46 rabid-industry sshd[4278]: Disconnecting invalid user test1 121.161.169.207 port 45468: Too many authentication failures [preauth]
Dec 15 23:47:05 rabid-industry sshd[4280]: Disconnecting invalid user test1 121.161.169.207 port 47374: Too many authentication failures [preauth]
Dec 15 23:47:45 rabid-industry sshd[4286]: Disconnecting invalid user test2 121.161.169.207 port 50748: Too many authentication failures [preauth]
Dec 15 23:48:06 rabid-industry sshd[4288]: Disconnecting invalid user test2 121.161.169.207 port 52566: Too many authentication failures [preauth]
Dec 15 23:48:48 rabid-industry sshd[4296]: Disconnecting invalid user ubuntu 121.161.169.207 port 56566: Too many authentication failures [preauth]
Dec 15 23:49:05 rabid-industry sshd[4298]: Disconnecting invalid user ubuntu 121.161.169.207 port 58032: Too many authentication failures [preauth]
Dec 16 00:30:09 rabid-industry sshd[4378]: Disconnecting authenticating user root 39.129.23.197 port 41330: Too many authentication failures [preauth]
Dec 16 01:15:40 rabid-industry sshd[4431]: Disconnecting invalid user ubnt 88.247.106.30 port 33805: Too many authentication failures [preauth]
Dec 16 08:50:14 rabid-industry sshd[6072]: Disconnecting authenticating user root 182.215.66.232 port 42818: Too many authentication failures [preauth]
Dec 16 17:03:19 rabid-industry sshd[6745]: Disconnecting authenticating user root 124.155.113.199 port 44739: Too many authentication failures [preauth]
Dec 18 02:26:16 rabid-industry sshd[27415]: Disconnecting authenticating user root 122.33.223.90 port 35745: Too many authentication failures [preauth]
Dec 18 07:33:11 rabid-industry sshd[28415]: Disconnecting authenticating user root 90.133.130.12 port 55364: Too many authentication failures [preauth]
Dec 18 07:33:30 rabid-industry sshd[28423]: Disconnecting authenticating user root 90.133.130.12 port 58600: Too many authentication failures [preauth]
Dec 18 07:33:51 rabid-industry sshd[28431]: Disconnecting authenticating user root 90.133.130.12 port 33240: Too many authentication failures [preauth]
Dec 18 07:34:16 rabid-industry sshd[28442]: Disconnecting invalid user admin 90.133.130.12 port 36890: Too many authentication failures [preauth]
Dec 18 07:34:36 rabid-industry sshd[28444]: Disconnecting invalid user admin 90.133.130.12 port 39726: Too many authentication failures [preauth]
Dec 18 07:35:12 rabid-industry sshd[28451]: Disconnecting invalid user oracle 90.133.130.12 port 44600: Too many authentication failures [preauth]
Dec 18 07:35:34 rabid-industry sshd[28453]: Disconnecting invalid user oracle 90.133.130.12 port 47724: Too many authentication failures [preauth]
Dec 18 07:36:10 rabid-industry sshd[28458]: Disconnecting invalid user usuario 90.133.130.12 port 53130: Too many authentication failures [preauth]
Dec 18 07:36:33 rabid-industry sshd[28460]: Disconnecting invalid user usuario 90.133.130.12 port 56104: Too many authentication failures [preauth]
Dec 18 07:37:09 rabid-industry sshd[28466]: Disconnecting invalid user test 90.133.130.12 port 33906: Too many authentication failures [preauth]
Dec 18 07:37:28 rabid-industry sshd[28468]: Disconnecting invalid user test 90.133.130.12 port 37170: Too many authentication failures [preauth]
Dec 18 07:38:04 rabid-industry sshd[28472]: Disconnecting invalid user user 90.133.130.12 port 42258: Too many authentication failures [preauth]
Dec 18 07:38:25 rabid-industry sshd[28474]: Disconnecting invalid user user 90.133.130.12 port 45672: Too many authentication failures [preauth]
Dec 18 07:39:05 rabid-industry sshd[28478]: Disconnecting invalid user ftpuser 90.133.130.12 port 51052: Too many authentication failures [preauth]
Dec 18 07:39:23 rabid-industry sshd[28480]: Disconnecting invalid user ftpuser 90.133.130.12 port 54918: Too many authentication failures [preauth]
Dec 18 07:39:58 rabid-industry sshd[28484]: Disconnecting invalid user test1 90.133.130.12 port 60024: Too many authentication failures [preauth]
Dec 18 07:40:18 rabid-industry sshd[28486]: Disconnecting invalid user test1 90.133.130.12 port 35388: Too many authentication failures [preauth]
Dec 18 07:40:49 rabid-industry sshd[28492]: Disconnecting invalid user test2 90.133.130.12 port 40560: Too many authentication failures [preauth]
Dec 18 07:41:05 rabid-industry sshd[28494]: Disconnecting invalid user test2 90.133.130.12 port 43374: Too many authentication failures [preauth]
Dec 18 07:41:45 rabid-industry sshd[28501]: Disconnecting invalid user ubuntu 90.133.130.12 port 49328: Too many authentication failures [preauth]
Dec 18 07:42:04 rabid-industry sshd[28503]: Disconnecting invalid user ubuntu 90.133.130.12 port 51918: Too many authentication failures [preauth]
Dec 18 09:10:54 rabid-industry sshd[28591]: Disconnecting authenticating user root 112.146.19.141 port 49986: Too many authentication failures [preauth]
Dec 18 09:11:16 rabid-industry sshd[28599]: Disconnecting authenticating user root 112.146.19.141 port 53434: Too many authentication failures [preauth]
Dec 18 09:11:39 rabid-industry sshd[28607]: Disconnecting authenticating user root 112.146.19.141 port 56770: Too many authentication failures [preauth]
Dec 18 09:12:04 rabid-industry sshd[28618]: Disconnecting invalid user admin 112.146.19.141 port 32854: Too many authentication failures [preauth]
Dec 18 09:12:27 rabid-industry sshd[28621]: Disconnecting invalid user admin 112.146.19.141 port 35622: Too many authentication failures [preauth]
Dec 18 09:13:03 rabid-industry sshd[28625]: Disconnecting invalid user oracle 112.146.19.141 port 40770: Too many authentication failures [preauth]
Dec 18 09:13:29 rabid-industry sshd[28627]: Disconnecting invalid user oracle 112.146.19.141 port 43990: Too many authentication failures [preauth]
Dec 18 09:14:11 rabid-industry sshd[28632]: Disconnecting invalid user usuario 112.146.19.141 port 50446: Too many authentication failures [preauth]
Dec 18 09:14:35 rabid-industry sshd[28635]: Disconnecting invalid user usuario 112.146.19.141 port 53992: Too many authentication failures [preauth]
Dec 18 09:15:13 rabid-industry sshd[28639]: Disconnecting invalid user test 112.146.19.141 port 60320: Too many authentication failures [preauth]
Dec 18 09:15:36 rabid-industry sshd[28641]: Disconnecting invalid user test 112.146.19.141 port 35450: Too many authentication failures [preauth]
Dec 18 09:16:13 rabid-industry sshd[28645]: Disconnecting invalid user user 112.146.19.141 port 41254: Too many authentication failures [preauth]
Dec 18 09:16:30 rabid-industry sshd[28647]: Disconnecting invalid user user 112.146.19.141 port 44450: Too many authentication failures [preauth]
Dec 18 09:17:03 rabid-industry sshd[28651]: Disconnecting invalid user ftpuser 112.146.19.141 port 49266: Too many authentication failures [preauth]
Dec 18 09:17:20 rabid-industry sshd[28653]: Disconnecting invalid user ftpuser 112.146.19.141 port 51926: Too many authentication failures [preauth]
Dec 18 09:17:56 rabid-industry sshd[28657]: Disconnecting invalid user test1 112.146.19.141 port 56638: Too many authentication failures [preauth]
Dec 18 09:18:17 rabid-industry sshd[28659]: Disconnecting invalid user test1 112.146.19.141 port 59712: Too many authentication failures [preauth]
Dec 18 09:18:53 rabid-industry sshd[28663]: Disconnecting invalid user test2 112.146.19.141 port 36978: Too many authentication failures [preauth]
Dec 18 09:19:12 rabid-industry sshd[28665]: Disconnecting invalid user test2 112.146.19.141 port 39852: Too many authentication failures [preauth]
Dec 18 09:20:12 rabid-industry sshd[28672]: Disconnecting invalid user ubuntu 112.146.19.141 port 47804: Too many authentication failures [preauth]
Dec 18 09:20:34 rabid-industry sshd[28677]: Disconnecting invalid user ubuntu 112.146.19.141 port 51372: Too many authentication failures [preauth]
Dec 19 14:07:36 rabid-industry sshd[7690]: Disconnecting authenticating user root 101.178.46.89 port 53930: Too many authentication failures [preauth]
Dec 19 14:08:00 rabid-industry sshd[7726]: Disconnecting authenticating user root 101.178.46.89 port 54374: Too many authentication failures [preauth]
Dec 19 14:08:24 rabid-industry sshd[7734]: Disconnecting authenticating user root 101.178.46.89 port 54881: Too many authentication failures [preauth]
Dec 19 14:08:46 rabid-industry sshd[7770]: Disconnecting authenticating user root 101.178.46.89 port 55371: Too many authentication failures [preauth]
Dec 19 14:09:10 rabid-industry sshd[7824]: Disconnecting authenticating user root 101.178.46.89 port 55838: Too many authentication failures [preauth]
Dec 19 14:09:33 rabid-industry sshd[7853]: Disconnecting authenticating user root 101.178.46.89 port 56350: Too many authentication failures [preauth]
Dec 19 14:09:57 rabid-industry sshd[7873]: Disconnecting authenticating user root 101.178.46.89 port 56830: Too many authentication failures [preauth]
Dec 19 14:10:21 rabid-industry sshd[7884]: Disconnecting authenticating user root 101.178.46.89 port 57315: Too many authentication failures [preauth]
Dec 19 14:10:44 rabid-industry sshd[7907]: Disconnecting authenticating user root 101.178.46.89 port 57789: Too many authentication failures [preauth]
Dec 19 14:11:08 rabid-industry sshd[7976]: Disconnecting authenticating user root 101.178.46.89 port 58246: Too many authentication failures [preauth]
Dec 19 14:11:32 rabid-industry sshd[7987]: Disconnecting authenticating user root 101.178.46.89 port 58727: Too many authentication failures [preauth]
Dec 19 14:11:54 rabid-industry sshd[7995]: Disconnecting authenticating user root 101.178.46.89 port 59168: Too many authentication failures [preauth]
Dec 19 14:12:17 rabid-industry sshd[8004]: Disconnecting authenticating user root 101.178.46.89 port 59572: Too many authentication failures [preauth]
Dec 19 14:12:41 rabid-industry sshd[8014]: Disconnecting authenticating user root 101.178.46.89 port 60027: Too many authentication failures [preauth]
Dec 19 14:13:01 rabid-industry sshd[8024]: Disconnecting authenticating user root 101.178.46.89 port 60455: Too many authentication failures [preauth]
Dec 19 14:13:25 rabid-industry sshd[8032]: Disconnecting authenticating user root 101.178.46.89 port 60832: Too many authentication failures [preauth]
Dec 19 14:13:46 rabid-industry sshd[8043]: Disconnecting authenticating user root 101.178.46.89 port 33089: Too many authentication failures [preauth]
Dec 19 14:14:10 rabid-industry sshd[8051]: Disconnecting authenticating user root 101.178.46.89 port 33495: Too many authentication failures [preauth]
Dec 19 14:14:34 rabid-industry sshd[8064]: Disconnecting authenticating user root 101.178.46.89 port 34004: Too many authentication failures [preauth]
Dec 19 23:23:50 rabid-industry sshd[17886]: Disconnecting authenticating user root 49.162.158.25 port 56485: Too many authentication failures [preauth]
Dec 20 22:50:30 rabid-industry sshd[41466]: Disconnecting invalid user admin 211.248.171.17 port 57761: Too many authentication failures [preauth]
Dec 23 23:41:03 rabid-industry sshd[65159]: Disconnecting authenticating user root 36.110.228.254 port 22488: Too many authentication failures [preauth]
Dec 24 03:41:51 rabid-industry sshd[65725]: Disconnecting authenticating user root 84.220.210.241 port 40354: Too many authentication failures [preauth]
Dec 24 03:42:09 rabid-industry sshd[65729]: Disconnecting authenticating user root 146.59.238.183 port 58172: Change of username or service not allowed: (root,ssh-connection) -> (test,ssh-connection) [preauth]
Dec 24 11:09:09 rabid-industry sshd[66575]: Disconnecting authenticating user root 213.35.98.160 port 46282: Too many authentication failures [preauth]
Dec 24 20:25:45 rabid-industry sshd[67982]: Disconnecting invalid user ubnt 114.32.126.61 port 49953: Too many authentication failures [preauth]
Dec 25 14:52:33 rabid-industry sshd[70560]: Disconnecting invalid user admin 220.133.82.141 port 37798: Too many authentication failures [preauth]
Dec 25 21:10:45 rabid-industry sshd[76844]: Disconnecting authenticating user root 141.148.198.218 port 41592: Too many authentication failures [preauth]
Dec 25 21:57:13 rabid-industry sshd[77018]: Disconnecting authenticating user root 112.221.114.9 port 35134: Too many authentication failures [preauth]
Dec 26 00:41:36 rabid-industry sshd[77459]: Disconnecting invalid user admin 86.168.67.10 port 39074: Too many authentication failures [preauth]
Dec 26 02:43:34 rabid-industry sshd[77996]: Disconnecting authenticating user root 115.141.226.196 port 41433: Too many authentication failures [preauth]
Dec 27 08:35:27 rabid-industry sshd[84364]: Disconnecting authenticating user root 98.191.229.166 port 59702: Too many authentication failures [preauth]
Dec 27 22:29:08 rabid-industry sshd[87258]: Disconnecting invalid user ubnt 220.82.166.157 port 63298: Too many authentication failures [preauth]
Dec 28 15:54:06 rabid-industry sshd[92937]: Disconnecting authenticating user root 185.188.217.120 port 55562: Too many authentication failures [preauth]
Dec 28 22:12:35 rabid-industry sshd[94895]: Disconnecting authenticating user root 218.145.181.48 port 41524: Too many authentication failures [preauth]
Dec 29 06:22:00 rabid-industry sshd[96844]: Disconnecting invalid user pi 170.253.190.98 port 40853: Too many authentication failures [preauth]
Dec 30 03:36:22 rabid-industry sshd[100385]: Disconnecting authenticating user root 124.52.207.44 port 58693: Too many authentication failures [preauth]
Dec 30 10:04:56 rabid-industry sshd[101436]: Disconnecting authenticating user root 74.73.241.225 port 51114: Too many authentication failures [preauth]
Dec 30 11:27:40 rabid-industry sshd[101777]: Disconnecting authenticating user root 182.215.66.232 port 34572: Too many authentication failures [preauth]
Dec 30 16:09:06 rabid-industry sshd[102561]: Disconnecting authenticating user root 83.254.255.77 port 39552: Too many authentication failures [preauth]
Dec 30 19:08:24 rabid-industry sshd[103212]: Disconnecting authenticating user root 119.96.23.34 port 36976: Change of username or service not allowed: (root,ssh-connection) -> (test,ssh-connection) [preauth]
Dec 30 22:17:09 rabid-industry sshd[104099]: Disconnecting authenticating user root 14.5.185.180 port 50885: Too many authentication failures [preauth]
Dec 31 04:00:25 rabid-industry sshd[105220]: Disconnecting authenticating user root 220.81.148.72 port 56772: Too many authentication failures [preauth]
Jan  1 14:30:05 rabid-industry sshd[116693]: Disconnecting authenticating user root 75.178.99.71 port 39456: Too many authentication failures [preauth]
Dec 15 08:23:45 rabid-industry sshd[1914]: Disconnecting authenticating user root 102.152.154.243 port 48659: Too many authentication failures [preauth]
Dec 15 09:06:05 rabid-industry sshd[2140]: Disconnecting invalid user admin 220.134.152.45 port 32984: Too many authentication failures [preauth]
Dec 15 09:06:31 rabid-industry sshd[2142]: Disconnecting invalid user admin 220.134.152.45 port 33464: Too many authentication failures [preauth]
Dec 15 09:06:55 rabid-industry sshd[2144]: Disconnecting invalid user admin 220.134.152.45 port 33828: Too many authentication failures [preauth]
Dec 15 09:07:20 rabid-industry sshd[2147]: Disconnecting invalid user admin 220.134.152.45 port 34210: Too many authentication failures [preauth]
Dec 15 09:07:44 rabid-industry sshd[2151]: Disconnecting invalid user admin 220.134.152.45 port 34643: Too many authentication failures [preauth]
Dec 15 09:08:11 rabid-industry sshd[2155]: Disconnecting invalid user admin 220.134.152.45 port 35081: Too many authentication failures [preauth]
Dec 15 09:08:33 rabid-industry sshd[2157]: Disconnecting invalid user admin 220.134.152.45 port 35494: Too many authentication failures [preauth]
Dec 15 09:08:58 rabid-industry sshd[2159]: Disconnecting invalid user admin 220.134.152.45 port 35913: Too many authentication failures [preauth]
Dec 15 09:09:24 rabid-industry sshd[2161]: Disconnecting invalid user admin 220.134.152.45 port 36257: Too many authentication failures [preauth]
Dec 15 09:09:51 rabid-industry sshd[2163]: Disconnecting invalid user admin 220.134.152.45 port 36669: Too many authentication failures [preauth]
Dec 15 12:16:38 rabid-industry sshd[2328]: Disconnecting invalid user admin 203.150.168.231 port 38589: Too many authentication failures [preauth]
Dec 15 12:17:04 rabid-industry sshd[2330]: Disconnecting invalid user admin 203.150.168.231 port 39363: Too many authentication failures [preauth]
Dec 15 12:17:30 rabid-industry sshd[2332]: Disconnecting invalid user admin 203.150.168.231 port 39856: Too many authentication failures [preauth]
Dec 15 12:17:55 rabid-industry sshd[2334]: Disconnecting invalid user admin 203.150.168.231 port 40440: Too many authentication failures [preauth]
Dec 15 12:18:20 rabid-industry sshd[2336]: Disconnecting invalid user admin 203.150.168.231 port 41018: Too many authentication failures [preauth]
